[192.241.236.31/themes/preview/smartadmin/1.9.x/ajax/index.html]
[backblue.gif]
[fade.gif]
[index.html]
[192.241.236.31/themes/preview/smartadmin/1.9.x/ajax/css/bootstrap.min.css]
[192.241.236.31/themes/preview/smartadmin/1.9.x/ajax/css/font-awesome.min.css]
[192.241.236.31/themes/preview/smartadmin/1.9.x/ajax/css/smartadmin-production-plugins.min.css]
[192.241.236.31/themes/preview/smartadmin/1.9.x/ajax/css/smartadmin-production.min.css]
[192.241.236.31/themes/preview/smartadmin/1.9.x/ajax/css/smartadmin-skins.min.css]
[192.241.236.31/themes/preview/smartadmin/1.9.x/ajax/css/smartadmin-rtl.min.css]
[192.241.236.31/themes/preview/smartadmin/1.9.x/ajax/css/demo.min.css]
[192.241.236.31/themes/preview/smartadmin/1.9.x/ajax/img/favicon/favicon.ico]
[192.241.236.31/themes/preview/smartadmin/1.9.x/ajax/img/logo.png]
[192.241.236.31/themes/preview/smartadmin/1.9.x/ajax/img/avatars/sunny.png]
[192.241.236.31/themes/preview/smartadmin/1.9.x/ajax/login.html]
[192.241.236.31/themes/preview/smartadmin/1.9.x/ajax/img/blank.gif]
[192.241.236.31/themes/preview/smartadmin/1.9.x/ajax/ajax/dashboard.html]
[192.241.236.31/themes/preview/smartadmin/1.9.x/ajax/ajax/dashboard-marketing.html]
[192.241.236.31/themes/preview/smartadmin/1.9.x/ajax/ajax/dashboard-social.html]
[192.241.236.31/themes/preview/smartadmin/1.9.x/ajax/ajax/layouts.html]
[192.241.236.31/themes/preview/smartadmin/1.9.x/ajax/ajax/skins.html]
[192.241.236.31/themes/preview/smartadmin/1.9.x/ajax/ajax/difver.html]
[192.241.236.31/themes/preview/smartadmin/1.9.x/ajax/ajax/applayout.html]
[192.241.236.31/themes/preview/smartadmin/1.9.x/ajax/ajax/inbox.html]
[192.241.236.31/themes/preview/smartadmin/1.9.x/ajax/ajax/inbox-email-view.html]
[192.241.236.31/themes/preview/smartadmin/1.9.x/ajax/ajax/inbox-email-compose.html]
[192.241.236.31/themes/preview/smartadmin/1.9.x/ajax/ajax/inbox-email-reply.html]
[192.241.236.31/themes/preview/smartadmin/1.9.x/ajax/ajax/email-template.html]
[192.241.236.31/themes/preview/smartadmin/1.9.x/ajax/ajax/flot.html]
[192.241.236.31/themes/preview/smartadmin/1.9.x/ajax/ajax/morris.html]
[192.241.236.31/themes/preview/smartadmin/1.9.x/ajax/ajax/sparkline-charts.html]
[192.241.236.31/themes/preview/smartadmin/1.9.x/ajax/ajax/easypie-charts.html]
[192.241.236.31/themes/preview/smartadmin/1.9.x/ajax/ajax/dygraphs.html]
[192.241.236.31/themes/preview/smartadmin/1.9.x/ajax/ajax/chartjs.html]
[192.241.236.31/themes/preview/smartadmin/1.9.x/ajax/ajax/hchartable.html]
[192.241.236.31/themes/preview/smartadmin/1.9.x/ajax/ajax/table.html]
[192.241.236.31/themes/preview/smartadmin/1.9.x/ajax/ajax/datatables.html]
[192.241.236.31/themes/preview/smartadmin/1.9.x/ajax/ajax/jqgrid.html]
[192.241.236.31/themes/preview/smartadmin/1.9.x/ajax/ajax/form-elements.html]
[192.241.236.31/themes/preview/smartadmin/1.9.x/ajax/ajax/form-templates.html]
[192.241.236.31/themes/preview/smartadmin/1.9.x/ajax/ajax/validation.html]
[192.241.236.31/themes/preview/smartadmin/1.9.x/ajax/ajax/bootstrap-forms.html]
[192.241.236.31/themes/preview/smartadmin/1.9.x/ajax/ajax/bootstrap-validator.html]
[192.241.236.31/themes/preview/smartadmin/1.9.x/ajax/ajax/plugins.html]
[192.241.236.31/themes/preview/smartadmin/1.9.x/ajax/ajax/wizard.html]
[192.241.236.31/themes/preview/smartadmin/1.9.x/ajax/ajax/other-editors.html]
[192.241.236.31/themes/preview/smartadmin/1.9.x/ajax/ajax/dropzone.html]
[192.241.236.31/themes/preview/smartadmin/1.9.x/ajax/ajax/image-editor.html]
[192.241.236.31/themes/preview/smartadmin/1.9.x/ajax/ajax/ckeditor.html]
[192.241.236.31/themes/preview/smartadmin/1.9.x/ajax/ajax/general-elements.html]
[192.241.236.31/themes/preview/smartadmin/1.9.x/ajax/ajax/buttons.html]
[192.241.236.31/themes/preview/smartadmin/1.9.x/ajax/ajax/fa.html]
[192.241.236.31/themes/preview/smartadmin/1.9.x/ajax/ajax/glyph.html]
[192.241.236.31/themes/preview/smartadmin/1.9.x/ajax/ajax/flags.html]
[192.241.236.31/themes/preview/smartadmin/1.9.x/ajax/ajax/grid.html]
[192.241.236.31/themes/preview/smartadmin/1.9.x/ajax/ajax/treeview.html]
[192.241.236.31/themes/preview/smartadmin/1.9.x/ajax/ajax/nestable-list.html]
[192.241.236.31/themes/preview/smartadmin/1.9.x/ajax/ajax/jqui.html]
[192.241.236.31/themes/preview/smartadmin/1.9.x/ajax/ajax/typography.html]
[192.241.236.31/themes/preview/smartadmin/1.9.x/ajax/ajax/widgets.html]
[192.241.236.31/themes/preview/smartadmin/1.9.x/ajax/ajax/calendar.html]
[192.241.236.31/themes/preview/smartadmin/1.9.x/ajax/ajax/gmap-xml.html]
[192.241.236.31/themes/preview/smartadmin/1.9.x/ajax/ajax/projects.html]
[192.241.236.31/themes/preview/smartadmin/1.9.x/ajax/ajax/blog.html]
[192.241.236.31/themes/preview/smartadmin/1.9.x/ajax/ajax/gallery.html]
[192.241.236.31/themes/preview/smartadmin/1.9.x/ajax/ajax/forum.html]
[192.241.236.31/themes/preview/smartadmin/1.9.x/ajax/ajax/forum-topic.html]
[192.241.236.31/themes/preview/smartadmin/1.9.x/ajax/ajax/forum-post.html]
[192.241.236.31/themes/preview/smartadmin/1.9.x/ajax/ajax/profile.html]
[192.241.236.31/themes/preview/smartadmin/1.9.x/ajax/ajax/timeline.html]
[192.241.236.31/themes/preview/smartadmin/1.9.x/ajax/ajax/search.html]
[192.241.236.31/themes/preview/smartadmin/1.9.x/ajax/ajax/orders.html]
[192.241.236.31/themes/preview/smartadmin/1.9.x/ajax/ajax/products-view.html]
[192.241.236.31/themes/preview/smartadmin/1.9.x/ajax/ajax/products-detail.html]
[192.241.236.31/themes/preview/smartadmin/1.9.x/ajax/ajax/pricing-table.html]
[192.241.236.31/themes/preview/smartadmin/1.9.x/ajax/landing/option-1/index.html]
[192.241.236.31/themes/preview/smartadmin/1.9.x/ajax/landing/option-3/index.html]
[192.241.236.31/themes/preview/smartadmin/1.9.x/ajax/landing/option-2/index.html]
[192.241.236.31/themes/preview/smartadmin/1.9.x/ajax/ajax/invoice.html]
[192.241.236.31/themes/preview/smartadmin/1.9.x/ajax/register.html]
[192.241.236.31/themes/preview/smartadmin/1.9.x/ajax/forgotpassword.html]
[192.241.236.31/themes/preview/smartadmin/1.9.x/ajax/lock.html]
[192.241.236.31/themes/preview/smartadmin/1.9.x/ajax/ajax/error404.html]
[192.241.236.31/themes/preview/smartadmin/1.9.x/ajax/ajax/error500.html]
[192.241.236.31/themes/preview/smartadmin/1.9.x/ajax/ajax/blank_.html]
[192.241.236.31/themes/preview/smartadmin/1.9.x/ajax/img/avatars/5.png]
[192.241.236.31/themes/preview/smartadmin/1.9.x/ajax/img/avatars/1.png]
[192.241.236.31/themes/preview/smartadmin/1.9.x/ajax/img/avatars/3.png]
[192.241.236.31/themes/preview/smartadmin/1.9.x/ajax/img/avatars/4.png]
[192.241.236.31/themes/preview/smartadmin/1.9.x/ajax/img/avatars/female.png]
[192.241.236.31/themes/preview/smartadmin/1.9.x/ajax/img/avatars/male.png]
[192.241.236.31/themes/preview/smartadmin/1.9.x/ajax/ajax/chat.html]
[ajax.googleapis.com/ajax/libs/jquery/3.2.1/jquery.min.js]
[ajax.googleapis.com/ajax/libs/jqueryui/1.12.1/jquery-ui.min.js]
[192.241.236.31/themes/preview/smartadmin/1.9.x/ajax/js/libs/jquery-3.2.1.min.js]
[192.241.236.31/themes/preview/smartadmin/1.9.x/ajax/js/app.config.js]
[192.241.236.31/themes/preview/smartadmin/1.9.x/ajax/js/plugin/jquery-touch/jquery.ui.touch-punch.min.js]
[192.241.236.31/themes/preview/smartadmin/1.9.x/ajax/js/bootstrap/bootstrap.min.js]
[192.241.236.31/themes/preview/smartadmin/1.9.x/ajax/js/notification/SmartNotification.min.js]
[192.241.236.31/themes/preview/smartadmin/1.9.x/ajax/js/smartwidgets/jarvis.widget.min.js]
[192.241.236.31/themes/preview/smartadmin/1.9.x/ajax/js/libs/jquery-ui.min.js]
[192.241.236.31/themes/preview/smartadmin/1.9.x/ajax/js/plugin/easy-pie-chart/jquery.easy-pie-chart.min.js]
[192.241.236.31/themes/preview/smartadmin/1.9.x/ajax/js/plugin/jquery-validate/jquery.validate.min.js]
[192.241.236.31/themes/preview/smartadmin/1.9.x/ajax/js/plugin/sparkline/jquery.sparkline.min.js]
[192.241.236.31/themes/preview/smartadmin/1.9.x/ajax/js/plugin/masked-input/jquery.maskedinput.min.js]
[192.241.236.31/themes/preview/smartadmin/1.9.x/ajax/js/plugin/bootstrap-slider/bootstrap-slider.min.js]
[192.241.236.31/themes/preview/smartadmin/1.9.x/ajax/js/plugin/msie-fix/jquery.mb.browser.min.js]
[192.241.236.31/themes/preview/smartadmin/1.9.x/ajax/js/plugin/fastclick/fastclick.min.js]
[192.241.236.31/themes/preview/smartadmin/1.9.x/ajax/js/plugin/select2/select2.min.js]
[192.241.236.31/themes/preview/smartadmin/1.9.x/ajax/js/demo.min.js]
[192.241.236.31/themes/preview/smartadmin/1.9.x/ajax/js/speech/voicecommand.min.js]
[192.241.236.31/themes/preview/smartadmin/1.9.x/ajax/js/smart-chat-ui/smart.chat.ui.min.js]
[192.241.236.31/themes/preview/smartadmin/1.9.x/ajax/js/app.min.js]
[192.241.236.31/themes/preview/smartadmin/1.9.x/ajax/index.html]
[192.241.236.31/themes/preview/smartadmin/1.9.x/ajax/js/smart-chat-ui/smart.chat.manager.min.js]
[192.241.236.31/themes/preview/smartadmin/1.9.x/ajax/css/bootstrap.min.css]
[192.241.236.31/themes/preview/smartadmin/1.9.x/ajax/css/font-awesome.min.css]
[192.241.236.31/themes/preview/smartadmin/1.9.x/ajax/img/saturation.png]
[192.241.236.31/themes/preview/smartadmin/1.9.x/ajax/img/hue.png]
[192.241.236.31/themes/preview/smartadmin/1.9.x/ajax/img/alpha.png]
[192.241.236.31/themes/preview/smartadmin/1.9.x/ajax/img/plus.png]
[192.241.236.31/themes/preview/smartadmin/1.9.x/ajax/img/minus.png]
[192.241.236.31/themes/preview/smartadmin/1.9.x/ajax/img/ajax-loader.gif]
[192.241.236.31/themes/preview/smartadmin/1.9.x/ajax/css/Jcrop.gif]
[192.241.236.31/themes/preview/smartadmin/1.9.x/ajax/img/jcrop/Jcrop.gif]
[192.241.236.31/themes/preview/smartadmin/1.9.x/ajax/img/select2-spinner.gif]
[192.241.236.31/themes/preview/smartadmin/1.9.x/ajax/img/loading.gif]
[192.241.236.31/themes/preview/smartadmin/1.9.x/ajax/img/clear.png]
[192.241.236.31/themes/preview/smartadmin/1.9.x/ajax/img/voicecommand/active-btn.gif]
[192.241.236.31/themes/preview/smartadmin/1.9.x/ajax/css/smartadmin-production-plugins.min.css]
[192.241.236.31/themes/preview/smartadmin/1.9.x/ajax/img/jqueryui/ui-icons_222222_256x240.png]
[192.241.236.31/themes/preview/smartadmin/1.9.x/ajax/img/jqueryui/ui-icons_888888_256x240.png]
[192.241.236.31/themes/preview/smartadmin/1.9.x/ajax/img/jqueryui/ui-icons_454545_256x240.png]
[192.241.236.31/themes/preview/smartadmin/1.9.x/ajax/img/jqueryui/ui-icons_2e83ff_256x240.png]
[192.241.236.31/themes/preview/smartadmin/1.9.x/ajax/img/jqueryui/ui-icons_f6cf3b_256x240.png]
[192.241.236.31/themes/preview/smartadmin/1.9.x/ajax/img/gradient/login.png]
[192.241.236.31/themes/preview/smartadmin/1.9.x/ajax/img/mybg.png]
[192.241.236.31/themes/preview/smartadmin/1.9.x/ajax/img/pattern/overlay-pattern.png]
[192.241.236.31/themes/preview/smartadmin/1.9.x/ajax/css/smartadmin-production.min.css]
[192.241.236.31/themes/preview/smartadmin/1.9.x/ajax/css/smartadmin-skins.min.css]
[192.241.236.31/themes/preview/smartadmin/1.9.x/ajax/css/smartadmin-rtl.min.css]
[192.241.236.31/themes/preview/smartadmin/1.9.x/ajax/css/demo.min.css]
[192.241.236.31/themes/preview/smartadmin/1.9.x/ajax/img/demo/iphoneview.png]
[192.241.236.31/themes/preview/smartadmin/1.9.x/ajax/js/plugin/pace/pace.min.js]
[192.241.236.31/themes/preview/smartadmin/1.9.x/ajax/login.html]
[192.241.236.31/themes/preview/smartadmin/1.9.x/ajax/ajax/img/avatars/5.png]
[192.241.236.31/themes/preview/smartadmin/1.9.x/ajax/ajax/img/avatars/male.png]
[192.241.236.31/themes/preview/smartadmin/1.9.x/ajax/ajax/img/avatars/sunny.png]
[192.241.236.31/themes/preview/smartadmin/1.9.x/ajax/ajax/js/plugin/flot/jquery.flot.cust.min.js]
[192.241.236.31/themes/preview/smartadmin/1.9.x/ajax/ajax/js/plugin/flot/jquery.flot.resize.min.js]
[192.241.236.31/themes/preview/smartadmin/1.9.x/ajax/ajax/js/plugin/flot/jquery.flot.time.min.js]
[192.241.236.31/themes/preview/smartadmin/1.9.x/ajax/ajax/js/plugin/flot/jquery.flot.tooltip.min.js]
[192.241.236.31/themes/preview/smartadmin/1.9.x/ajax/ajax/js/plugin/vectormap/jquery-jvectormap-1.2.2.min.js]
[192.241.236.31/themes/preview/smartadmin/1.9.x/ajax/ajax/js/plugin/vectormap/jquery-jvectormap-world-mill-en.js]
[192.241.236.31/themes/preview/smartadmin/1.9.x/ajax/ajax/js/plugin/moment/moment.min.js]
[192.241.236.31/themes/preview/smartadmin/1.9.x/ajax/ajax/js/plugin/fullcalendar/fullcalendar.min.js]
[192.241.236.31/themes/preview/smartadmin/1.9.x/ajax/ajax/dashboard.html]
[192.241.236.31/themes/preview/smartadmin/1.9.x/ajax/ajax/img/avatars/1.png]
[192.241.236.31/themes/preview/smartadmin/1.9.x/ajax/ajax/img/avatars/3.png]
[192.241.236.31/themes/preview/smartadmin/1.9.x/ajax/ajax/img/avatars/4.png]
[192.241.236.31/themes/preview/smartadmin/1.9.x/ajax/ajax/img/avatars/female.png]
[192.241.236.31/themes/preview/smartadmin/1.9.x/ajax/ajax/img/avatars/2.png]
[192.241.236.31/themes/preview/smartadmin/1.9.x/ajax/ajax/js/plugin/chartjs/chart.min.js]
[192.241.236.31/themes/preview/smartadmin/1.9.x/ajax/ajax/js/plugin/flot/jquery.flot.fillbetween.min.js]
[192.241.236.31/themes/preview/smartadmin/1.9.x/ajax/ajax/js/plugin/flot/jquery.flot.orderBar.min.js]
[192.241.236.31/themes/preview/smartadmin/1.9.x/ajax/ajax/js/plugin/flot/jquery.flot.pie.min.js]
[192.241.236.31/themes/preview/smartadmin/1.9.x/ajax/ajax/dashboard-marketing.html]
[192.241.236.31/themes/preview/smartadmin/1.9.x/ajax/ajax/img/realestate/6.png]
[192.241.236.31/themes/preview/smartadmin/1.9.x/ajax/ajax/dashboard-social.html]
[192.241.236.31/themes/preview/smartadmin/1.9.x/ajax/ajax/img/demo/layout-skins/layout-collapse.png]
[192.241.236.31/themes/preview/smartadmin/1.9.x/ajax/ajax/img/demo/layout-skins/layout-hidden.png]
[192.241.236.31/themes/preview/smartadmin/1.9.x/ajax/ajax/img/demo/layout-skins/layout-menutop.png]
[192.241.236.31/themes/preview/smartadmin/1.9.x/ajax/ajax/img/demo/layout-skins/layout-collapse-minified.png]
[192.241.236.31/themes/preview/smartadmin/1.9.x/ajax/ajax/img/demo/layout-skins/layout-rtl.png]
[192.241.236.31/themes/preview/smartadmin/1.9.x/ajax/ajax/img/demo/layout-skins/layout-rtl-menutop.png]
[192.241.236.31/themes/preview/smartadmin/1.9.x/ajax/ajax/layouts.html]
[192.241.236.31/themes/preview/smartadmin/1.9.x/ajax/ajax/img/demo/layout-skins/skin-glass.png]
[192.241.236.31/themes/preview/smartadmin/1.9.x/ajax/ajax/img/demo/layout-skins/skin-material.png]
[192.241.236.31/themes/preview/smartadmin/1.9.x/ajax/ajax/img/demo/layout-skins/skin-pixel.png]
[192.241.236.31/themes/preview/smartadmin/1.9.x/ajax/ajax/img/demo/layout-skins/skin-dark.png]
[192.241.236.31/themes/preview/smartadmin/1.9.x/ajax/ajax/img/demo/layout-skins/skin-google.png]
[192.241.236.31/themes/preview/smartadmin/1.9.x/ajax/ajax/img/demo/layout-skins/skin-ultralight.png]
[192.241.236.31/themes/preview/smartadmin/1.9.x/ajax/ajax/img/demo/layout-skins/skin-default.png]
[192.241.236.31/themes/preview/smartadmin/1.9.x/ajax/ajax/skins.html]
[192.241.236.31/themes/preview/smartadmin/1.9.x/ajax/ajax/img/versions/ajaxversion.png]
[192.241.236.31/themes/preview/smartadmin/1.9.x/ajax/ajax/img/versions/angularversion.png]
[192.241.236.31/themes/preview/smartadmin/1.9.x/ajax/ajax/img/versions/htmlversion.png]
[192.241.236.31/themes/preview/smartadmin/1.9.x/ajax/ajax/img/versions/phpversion.png]
[192.241.236.31/themes/preview/smartadmin/1.9.x/ajax/ajax/img/versions/dotnetversion.png]
[192.241.236.31/themes/preview/smartadmin/1.9.x/ajax/ajax/img/versions/reactversion.png]
[192.241.236.31/themes/preview/smartadmin/1.9.x/ajax/ajax/img/versions/rorversion.png]
[192.241.236.31/themes/preview/smartadmin/1.9.x/ajax/ajax/difver.html]
[192.241.236.31/themes/preview/smartadmin/1.9.x/ajax/ajax/login.html]
[192.241.236.31/themes/preview/smartadmin/1.9.x/ajax/ajax/img/logo.png]
[192.241.236.31/themes/preview/smartadmin/1.9.x/ajax/ajax/applayout.html]
[192.241.236.31/themes/preview/smartadmin/1.9.x/ajax/ajax/ajax/email/email-list.html]
[192.241.236.31/themes/preview/smartadmin/1.9.x/ajax/ajax/ajax/email-compose.html]
[192.241.236.31/themes/preview/smartadmin/1.9.x/ajax/ajax/js/plugin/delete-table-row/delete-table-row.min.js]
[192.241.236.31/themes/preview/smartadmin/1.9.x/ajax/ajax/inbox.html]
[192.241.236.31/themes/preview/smartadmin/1.9.x/ajax/ajax/ajax/email-opened.html]
[192.241.236.31/themes/preview/smartadmin/1.9.x/ajax/ajax/inbox-email-view.html]
[192.241.236.31/themes/preview/smartadmin/1.9.x/ajax/ajax/inbox-email-compose.html]
[192.241.236.31/themes/preview/smartadmin/1.9.x/ajax/ajax/ajax/email-reply.html]
[192.241.236.31/themes/preview/smartadmin/1.9.x/ajax/ajax/inbox-email-reply.html]
[192.241.236.31/themes/preview/smartadmin/1.9.x/ajax/ajax/img/demo/basic.png]
[192.241.236.31/themes/preview/smartadmin/1.9.x/ajax/Email_Templates/basic.html]
[192.241.236.31/themes/preview/smartadmin/1.9.x/ajax/ajax/img/demo/sidebar.png]
[192.241.236.31/themes/preview/smartadmin/1.9.x/ajax/Email_Templates/sidebar.html]
[192.241.236.31/themes/preview/smartadmin/1.9.x/ajax/ajax/img/demo/hero.png]
[192.241.236.31/themes/preview/smartadmin/1.9.x/ajax/Email_Templates/hero.html]
[192.241.236.31/themes/preview/smartadmin/1.9.x/ajax/ajax/img/demo/sidebarhero.png]
[192.241.236.31/themes/preview/smartadmin/1.9.x/ajax/Email_Templates/sidebar-hero.html]
[192.241.236.31/themes/preview/smartadmin/1.9.x/ajax/ajax/img/demo/newsletter.png]
[192.241.236.31/themes/preview/smartadmin/1.9.x/ajax/Email_Templates/newsletter.html]
[192.241.236.31/themes/preview/smartadmin/1.9.x/ajax/ajax/email-template.html]
[192.241.236.31/themes/preview/smartadmin/1.9.x/ajax/ajax/flot.html]
[192.241.236.31/themes/preview/smartadmin/1.9.x/ajax/ajax/js/plugin/morris/raphael.min.js]
[192.241.236.31/themes/preview/smartadmin/1.9.x/ajax/ajax/js/plugin/morris/morris.min.js]
[192.241.236.31/themes/preview/smartadmin/1.9.x/ajax/ajax/morris.html]
[192.241.236.31/themes/preview/smartadmin/1.9.x/ajax/ajax/sparkline-charts.html]
[192.241.236.31/themes/preview/smartadmin/1.9.x/ajax/ajax/easypie-charts.html]
[192.241.236.31/themes/preview/smartadmin/1.9.x/ajax/ajax/js/plugin/dygraphs/demo-data.min.js]
[192.241.236.31/themes/preview/smartadmin/1.9.x/ajax/ajax/js/plugin/dygraphs/dygraph-combined.min.js]
[192.241.236.31/themes/preview/smartadmin/1.9.x/ajax/ajax/dygraphs.html]
[192.241.236.31/themes/preview/smartadmin/1.9.x/ajax/ajax/chartjs.html]
[192.241.236.31/themes/preview/smartadmin/1.9.x/ajax/ajax/js/plugin/highChartCore/highcharts-custom.min.js]
[192.241.236.31/themes/preview/smartadmin/1.9.x/ajax/ajax/js/plugin/highchartTable/jquery.highchartTable.min.js]
[192.241.236.31/themes/preview/smartadmin/1.9.x/ajax/ajax/hchartable.html]
[192.241.236.31/themes/preview/smartadmin/1.9.x/ajax/ajax/table.html]
[192.241.236.31/themes/preview/smartadmin/1.9.x/ajax/ajax/js/plugin/datatables/jquery.dataTables.min.js]
[192.241.236.31/themes/preview/smartadmin/1.9.x/ajax/ajax/js/plugin/datatables/dataTables.colVis.min.js]
[192.241.236.31/themes/preview/smartadmin/1.9.x/ajax/ajax/js/plugin/datatables/dataTables.tableTools.min.js]
[192.241.236.31/themes/preview/smartadmin/1.9.x/ajax/ajax/js/plugin/datatables/dataTables.bootstrap.min.js]
[192.241.236.31/themes/preview/smartadmin/1.9.x/ajax/ajax/js/plugin/datatable-responsive/datatables.responsive.min.js]
[192.241.236.31/themes/preview/smartadmin/1.9.x/ajax/ajax/datatables.html]
[192.241.236.31/themes/preview/smartadmin/1.9.x/ajax/ajax/js/plugin/jqgrid/jquery.jqGrid.min.js]
[192.241.236.31/themes/preview/smartadmin/1.9.x/ajax/ajax/js/plugin/jqgrid/grid.locale-en.min.js]
[192.241.236.31/themes/preview/smartadmin/1.9.x/ajax/ajax/jqgrid.html]
[192.241.236.31/themes/preview/smartadmin/1.9.x/ajax/ajax/form-elements.html]
[192.241.236.31/themes/preview/smartadmin/1.9.x/ajax/ajax/ajax/modal-content/model-content-2.html]
[192.241.236.31/themes/preview/smartadmin/1.9.x/ajax/ajax/js/plugin/jquery-form/jquery-form.min.js]
[192.241.236.31/themes/preview/smartadmin/1.9.x/ajax/ajax/form-templates.html]
[192.241.236.31/themes/preview/smartadmin/1.9.x/ajax/ajax/validation.html]
[192.241.236.31/themes/preview/smartadmin/1.9.x/ajax/ajax/bootstrap-forms.html]
[192.241.236.31/themes/preview/smartadmin/1.9.x/ajax/ajax/js/plugin/bootstrapvalidator/bootstrapValidator.min.js]
[192.241.236.31/themes/preview/smartadmin/1.9.x/ajax/ajax/bootstrap-validator.html]
[192.241.236.31/themes/preview/smartadmin/1.9.x/ajax/ajax/form-x-editable.html]
[192.241.236.31/themes/preview/smartadmin/1.9.x/ajax/ajax/js/plugin/maxlength/bootstrap-maxlength.min.js]
[192.241.236.31/themes/preview/smartadmin/1.9.x/ajax/ajax/js/plugin/bootstrap-timepicker/bootstrap-timepicker.min.js]
[192.241.236.31/themes/preview/smartadmin/1.9.x/ajax/ajax/js/plugin/clockpicker/clockpicker.min.js]
[192.241.236.31/themes/preview/smartadmin/1.9.x/ajax/ajax/js/plugin/noUiSlider/jquery.nouislider.min.js]
[192.241.236.31/themes/preview/smartadmin/1.9.x/ajax/ajax/js/plugin/ion-slider/ion.rangeSlider.min.js]
[192.241.236.31/themes/preview/smartadmin/1.9.x/ajax/ajax/js/plugin/bootstrap-duallistbox/jquery.bootstrap-duallistbox.min.js]
[192.241.236.31/themes/preview/smartadmin/1.9.x/ajax/ajax/js/plugin/colorpicker/bootstrap-colorpicker.min.js]
[192.241.236.31/themes/preview/smartadmin/1.9.x/ajax/ajax/js/plugin/bootstrap-tags/bootstrap-tagsinput.min.js]
[192.241.236.31/themes/preview/smartadmin/1.9.x/ajax/ajax/js/plugin/knob/jquery.knob.min.js]
[192.241.236.31/themes/preview/smartadmin/1.9.x/ajax/ajax/js/plugin/x-editable/moment.min.js]
[192.241.236.31/themes/preview/smartadmin/1.9.x/ajax/ajax/js/plugin/x-editable/jquery.mockjax.min.js]
[192.241.236.31/themes/preview/smartadmin/1.9.x/ajax/ajax/js/plugin/x-editable/x-editable.min.js]
[192.241.236.31/themes/preview/smartadmin/1.9.x/ajax/ajax/js/plugin/typeahead/typeahead.min.e9.delayed]
[192.241.236.31/themes/preview/smartadmin/1.9.x/ajax/ajax/js/plugin/typeahead/typeaheadjs.min.js]
[192.241.236.31/themes/preview/smartadmin/1.9.x/ajax/ajax/plugins4a97.html]
[192.241.236.31/themes/preview/smartadmin/1.9.x/ajax/ajax/plugins.html]
[192.241.236.31/themes/preview/smartadmin/1.9.x/ajax/ajax/pluginsd41d.html]
[192.241.236.31/themes/preview/smartadmin/1.9.x/ajax/ajax/js/plugin/bootstrap-wizard/jquery.bootstrap.wizard.min.js]
[192.241.236.31/themes/preview/smartadmin/1.9.x/ajax/ajax/js/plugin/fuelux/wizard/wizard.min.js]
[192.241.236.31/themes/preview/smartadmin/1.9.x/ajax/ajax/wizard.html]
[192.241.236.31/themes/preview/smartadmin/1.9.x/ajax/ajax/js/plugin/summernote/summernote.min.js]
[192.241.236.31/themes/preview/smartadmin/1.9.x/ajax/ajax/js/plugin/markdown/markdown.min.js]
[192.241.236.31/themes/preview/smartadmin/1.9.x/ajax/ajax/js/plugin/markdown/to-markdown.min.js]
[192.241.236.31/themes/preview/smartadmin/1.9.x/ajax/ajax/js/plugin/markdown/bootstrap-markdown.min.js]
[192.241.236.31/themes/preview/smartadmin/1.9.x/ajax/ajax/other-editors.html]
[192.241.236.31/themes/preview/smartadmin/1.9.x/ajax/ajax/js/plugin/dropzone/dropzone.min.js]
[192.241.236.31/themes/preview/smartadmin/1.9.x/ajax/ajax/dropzone.html]
[192.241.236.31/themes/preview/smartadmin/1.9.x/ajax/ajax/img/superbox/superbox-full-7.jpg]
[192.241.236.31/themes/preview/smartadmin/1.9.x/ajax/ajax/img/superbox/superbox-full-11.jpg]
[192.241.236.31/themes/preview/smartadmin/1.9.x/ajax/ajax/img/superbox/superbox-full-10.jpg]
[192.241.236.31/themes/preview/smartadmin/1.9.x/ajax/ajax/img/superbox/superbox-full-9.jpg]
[192.241.236.31/themes/preview/smartadmin/1.9.x/ajax/ajax/img/superbox/superbox-full-16.jpg]
[192.241.236.31/themes/preview/smartadmin/1.9.x/ajax/ajax/img/superbox/superbox-full-24.jpg]
[192.241.236.31/themes/preview/smartadmin/1.9.x/ajax/ajax/img/superbox/superbox-full-20.jpg]
[192.241.236.31/themes/preview/smartadmin/1.9.x/ajax/ajax/js/plugin/jcrop/jquery.Jcrop.min.js]
[192.241.236.31/themes/preview/smartadmin/1.9.x/ajax/ajax/js/plugin/jcrop/jquery.color.min.js]
[192.241.236.31/themes/preview/smartadmin/1.9.x/ajax/ajax/image-editor.html]
[192.241.236.31/themes/preview/smartadmin/1.9.x/ajax/ajax/js/plugin/ckeditor/ckeditor.js]
[192.241.236.31/themes/preview/smartadmin/1.9.x/ajax/ajax/ckeditor.html]
[192.241.236.31/themes/preview/smartadmin/1.9.x/ajax/ajax/img/demo/m3.jpg]
[192.241.236.31/themes/preview/smartadmin/1.9.x/ajax/ajax/img/demo/m1.jpg]
[192.241.236.31/themes/preview/smartadmin/1.9.x/ajax/ajax/img/demo/m2.jpg]
[192.241.236.31/themes/preview/smartadmin/1.9.x/ajax/ajax/ajax/modal-content/model-content-1.html]
[192.241.236.31/themes/preview/smartadmin/1.9.x/ajax/ajax/img/demo/demo-smartbig-alert.png]
[192.241.236.31/themes/preview/smartadmin/1.9.x/ajax/ajax/img/demo/64x64.png]
[192.241.236.31/themes/preview/smartadmin/1.9.x/ajax/ajax/js/plugin/bootstrap-progressbar/bootstrap-progressbar.min.js]
[192.241.236.31/themes/preview/smartadmin/1.9.x/ajax/ajax/general-elements.html]
[192.241.236.31/themes/preview/smartadmin/1.9.x/ajax/ajax/buttons.html]
[192.241.236.31/themes/preview/smartadmin/1.9.x/ajax/ajax/fa.html]
[192.241.236.31/themes/preview/smartadmin/1.9.x/ajax/ajax/glyph.html]
[192.241.236.31/themes/preview/smartadmin/1.9.x/ajax/ajax/img/blank.gif]
[192.241.236.31/themes/preview/smartadmin/1.9.x/ajax/ajax/flags.html]
[192.241.236.31/themes/preview/smartadmin/1.9.x/ajax/ajax/img/demo/responseimg.png]
[192.241.236.31/themes/preview/smartadmin/1.9.x/ajax/ajax/grid.html]
[192.241.236.31/themes/preview/smartadmin/1.9.x/ajax/ajax/js/plugin/bootstraptree/bootstrap-tree.min.js]
[192.241.236.31/themes/preview/smartadmin/1.9.x/ajax/ajax/treeview.html]
[192.241.236.31/themes/preview/smartadmin/1.9.x/ajax/ajax/js/plugin/jquery-nestable/jquery.nestable.min.js]
[192.241.236.31/themes/preview/smartadmin/1.9.x/ajax/ajax/nestable-list.html]
[192.241.236.31/themes/preview/smartadmin/1.9.x/ajax/ajax/jqui4c4a.html]
[192.241.236.31/themes/preview/smartadmin/1.9.x/ajax/ajax/jqui.html]
[192.241.236.31/themes/preview/smartadmin/1.9.x/ajax/ajax/typography.html]
[192.241.236.31/themes/preview/smartadmin/1.9.x/ajax/ajax/img/demo/widget-colorpicker.png]
[192.241.236.31/themes/preview/smartadmin/1.9.x/ajax/ajax/ajax/demowidget.php]
[192.241.236.31/themes/preview/smartadmin/1.9.x/ajax/ajax/widgets.html]
[192.241.236.31/themes/preview/smartadmin/1.9.x/ajax/ajax/calendar.html]
[192.241.236.31/themes/preview/smartadmin/1.9.x/ajax/ajax/xml/gmap/pins.xml]
[192.241.236.31/themes/preview/smartadmin/1.9.x/ajax/ajax/gmap-xml.html]
[192.241.236.31/themes/preview/smartadmin/1.9.x/ajax/ajax/projects.html]
[192.241.236.31/themes/preview/smartadmin/1.9.x/ajax/ajax/img/superbox/superbox-full-15.jpg]
[192.241.236.31/themes/preview/smartadmin/1.9.x/ajax/ajax/img/superbox/superbox-full-19.jpg]
[192.241.236.31/themes/preview/smartadmin/1.9.x/ajax/ajax/img/demo/video.png]
[192.241.236.31/themes/preview/smartadmin/1.9.x/ajax/ajax/blog.html]
[192.241.236.31/themes/preview/smartadmin/1.9.x/ajax/ajax/img/superbox/superbox-thumb-1.jpg]
[192.241.236.31/themes/preview/smartadmin/1.9.x/ajax/ajax/img/superbox/superbox-thumb-2.jpg]
[192.241.236.31/themes/preview/smartadmin/1.9.x/ajax/ajax/img/superbox/superbox-thumb-3.jpg]
[192.241.236.31/themes/preview/smartadmin/1.9.x/ajax/ajax/img/superbox/superbox-thumb-4.jpg]
[192.241.236.31/themes/preview/smartadmin/1.9.x/ajax/ajax/img/superbox/superbox-thumb-5.jpg]
[192.241.236.31/themes/preview/smartadmin/1.9.x/ajax/ajax/img/superbox/superbox-thumb-6.jpg]
[192.241.236.31/themes/preview/smartadmin/1.9.x/ajax/ajax/img/superbox/superbox-thumb-7.jpg]
[192.241.236.31/themes/preview/smartadmin/1.9.x/ajax/ajax/img/superbox/superbox-thumb-8.jpg]
[192.241.236.31/themes/preview/smartadmin/1.9.x/ajax/ajax/img/superbox/superbox-thumb-9.jpg]
[192.241.236.31/themes/preview/smartadmin/1.9.x/ajax/ajax/img/superbox/superbox-thumb-10.jpg]
[192.241.236.31/themes/preview/smartadmin/1.9.x/ajax/ajax/img/superbox/superbox-thumb-11.jpg]
[192.241.236.31/themes/preview/smartadmin/1.9.x/ajax/ajax/img/superbox/superbox-thumb-12.jpg]
[192.241.236.31/themes/preview/smartadmin/1.9.x/ajax/ajax/img/superbox/superbox-thumb-13.jpg]
[192.241.236.31/themes/preview/smartadmin/1.9.x/ajax/ajax/img/superbox/superbox-thumb-14.jpg]
[192.241.236.31/themes/preview/smartadmin/1.9.x/ajax/ajax/img/superbox/superbox-thumb-15.jpg]
[192.241.236.31/themes/preview/smartadmin/1.9.x/ajax/ajax/img/superbox/superbox-thumb-16.jpg]
[192.241.236.31/themes/preview/smartadmin/1.9.x/ajax/ajax/img/superbox/superbox-thumb-17.jpg]
[192.241.236.31/themes/preview/smartadmin/1.9.x/ajax/ajax/img/superbox/superbox-thumb-18.jpg]
[192.241.236.31/themes/preview/smartadmin/1.9.x/ajax/ajax/img/superbox/superbox-thumb-19.jpg]
[192.241.236.31/themes/preview/smartadmin/1.9.x/ajax/ajax/img/superbox/superbox-thumb-20.jpg]
[192.241.236.31/themes/preview/smartadmin/1.9.x/ajax/ajax/img/superbox/superbox-thumb-21.jpg]
[192.241.236.31/themes/preview/smartadmin/1.9.x/ajax/ajax/img/superbox/superbox-thumb-22.jpg]
[192.241.236.31/themes/preview/smartadmin/1.9.x/ajax/ajax/img/superbox/superbox-thumb-23.jpg]
[192.241.236.31/themes/preview/smartadmin/1.9.x/ajax/ajax/img/superbox/superbox-thumb-24.jpg]
[192.241.236.31/themes/preview/smartadmin/1.9.x/ajax/ajax/js/plugin/superbox/superbox.min.js]
[192.241.236.31/themes/preview/smartadmin/1.9.x/ajax/ajax/gallery.html]
[192.241.236.31/themes/preview/smartadmin/1.9.x/ajax/ajax/forum.html]
[192.241.236.31/themes/preview/smartadmin/1.9.x/ajax/ajax/forum-topic.html]
[192.241.236.31/themes/preview/smartadmin/1.9.x/ajax/ajax/forum-post.html]
[192.241.236.31/themes/preview/smartadmin/1.9.x/ajax/ajax/img/demo/s1.jpg]
[192.241.236.31/themes/preview/smartadmin/1.9.x/ajax/ajax/img/demo/s2.jpg]
[192.241.236.31/themes/preview/smartadmin/1.9.x/ajax/ajax/img/avatars/sunny-big.png]
[192.241.236.31/themes/preview/smartadmin/1.9.x/ajax/ajax/profile.html]
[192.241.236.31/themes/preview/smartadmin/1.9.x/ajax/ajax/timeline.html]
[192.241.236.31/themes/preview/smartadmin/1.9.x/ajax/ajax/img/demo/sample.jpg]
[192.241.236.31/themes/preview/smartadmin/1.9.x/ajax/ajax/search.html]
[192.241.236.31/themes/preview/smartadmin/1.9.x/ajax/ajax/orders.html]
[192.241.236.31/themes/preview/smartadmin/1.9.x/ajax/ajax/img/demo/e-comm/1.png]
[192.241.236.31/themes/preview/smartadmin/1.9.x/ajax/ajax/img/demo/e-comm/2.png]
[192.241.236.31/themes/preview/smartadmin/1.9.x/ajax/ajax/img/demo/e-comm/3.png]
[192.241.236.31/themes/preview/smartadmin/1.9.x/ajax/ajax/img/demo/e-comm/4.png]
[192.241.236.31/themes/preview/smartadmin/1.9.x/ajax/ajax/img/demo/e-comm/5.png]
[192.241.236.31/themes/preview/smartadmin/1.9.x/ajax/ajax/img/demo/e-comm/7.png]
[192.241.236.31/themes/preview/smartadmin/1.9.x/ajax/ajax/img/demo/e-comm/8.png]
[192.241.236.31/themes/preview/smartadmin/1.9.x/ajax/ajax/img/demo/e-comm/9.png]
[192.241.236.31/themes/preview/smartadmin/1.9.x/ajax/ajax/products-view.html]
[192.241.236.31/themes/preview/smartadmin/1.9.x/ajax/ajax/img/demo/e-comm/detail-1.png]
[192.241.236.31/themes/preview/smartadmin/1.9.x/ajax/ajax/img/demo/e-comm/detail-2.png]
[192.241.236.31/themes/preview/smartadmin/1.9.x/ajax/ajax/img/demo/e-comm/detail-3.png]
[192.241.236.31/themes/preview/smartadmin/1.9.x/ajax/ajax/products-detail.html]
[192.241.236.31/themes/preview/smartadmin/1.9.x/ajax/landing/option-1/css/bootstrap.min.css]
[192.241.236.31/themes/preview/smartadmin/1.9.x/ajax/landing/option-1/css/extralayers.css]
[192.241.236.31/themes/preview/smartadmin/1.9.x/ajax/landing/option-1/css/settings.css]
[192.241.236.31/themes/preview/smartadmin/1.9.x/ajax/landing/option-1/font-awesome/css/font-awesome.min.css]
[192.241.236.31/themes/preview/smartadmin/1.9.x/ajax/landing/option-1/css/nivo-lightbox.css]
[192.241.236.31/themes/preview/smartadmin/1.9.x/ajax/landing/option-1/css/nivo-lightbox-theme/default/default.css]
[192.241.236.31/themes/preview/smartadmin/1.9.x/ajax/landing/option-1/css/animate.css]
[192.241.236.31/themes/preview/smartadmin/1.9.x/ajax/landing/option-1/css/main.css]
[192.241.236.31/themes/preview/smartadmin/1.9.x/ajax/landing/option-1/color/default.css]
[192.241.236.31/themes/preview/smartadmin/1.9.x/ajax/landing/option-1/img/favicon/favicon.ico]
[192.241.236.31/themes/preview/smartadmin/1.9.x/ajax/landing/option-1/index-2.html]
[192.241.236.31/themes/preview/smartadmin/1.9.x/ajax/landing/option-1/img/logo.png]
[192.241.236.31/themes/preview/smartadmin/1.9.x/ajax/landing/option-1/img/slider/dummy.png]
[192.241.236.31/themes/preview/smartadmin/1.9.x/ajax/landing/option-1/img/slider/plate2.png]
[192.241.236.31/themes/preview/smartadmin/1.9.x/ajax/landing/option-1/img/slider/plate1.png]
[192.241.236.31/themes/preview/smartadmin/1.9.x/ajax/landing/option-1/img/slider/woman1.png]
[192.241.236.31/themes/preview/smartadmin/1.9.x/ajax/landing/option-1/img/slider/redbg.png]
[192.241.236.31/themes/preview/smartadmin/1.9.x/ajax/landing/option-1/img/slider/greyline.png]
[192.241.236.31/themes/preview/smartadmin/1.9.x/ajax/landing/option-1/img/slider/doublearrow2.png]
[192.241.236.31/themes/preview/smartadmin/1.9.x/ajax/landing/option-1/img/slider/redbg_big.png]
[192.241.236.31/themes/preview/smartadmin/1.9.x/ajax/landing/option-1/img/slider/check.png]
[192.241.236.31/themes/preview/smartadmin/1.9.x/ajax/landing/option-1/img/slider/ipad2.png]
[192.241.236.31/themes/preview/smartadmin/1.9.x/ajax/landing/option-1/img/slider/pulse1.png]
[192.241.236.31/themes/preview/smartadmin/1.9.x/ajax/landing/option-1/img/slider/iphone.png]
[192.241.236.31/themes/preview/smartadmin/1.9.x/ajax/landing/option-1/img/slider/largegreen.png]
[192.241.236.31/themes/preview/smartadmin/1.9.x/ajax/landing/option-1/img/ribbon.png]
[192.241.236.31/themes/preview/smartadmin/1.9.x/ajax/landing/option-1/img/team/1.jpg]
[192.241.236.31/themes/preview/smartadmin/1.9.x/ajax/landing/option-1/img/team/2.jpg]
[192.241.236.31/themes/preview/smartadmin/1.9.x/ajax/landing/option-1/img/team/3.jpg]
[192.241.236.31/themes/preview/smartadmin/1.9.x/ajax/landing/option-1/img/team/4.jpg]
[192.241.236.31/themes/preview/smartadmin/1.9.x/ajax/landing/option-1/img/works/1.jpg]
[192.241.236.31/themes/preview/smartadmin/1.9.x/ajax/landing/option-1/img/works/2.jpg]
[192.241.236.31/themes/preview/smartadmin/1.9.x/ajax/landing/option-1/img/works/3.jpg]
[192.241.236.31/themes/preview/smartadmin/1.9.x/ajax/landing/option-1/img/works/4.jpg]
[192.241.236.31/themes/preview/smartadmin/1.9.x/ajax/landing/option-1/img/works/5.jpg]
[192.241.236.31/themes/preview/smartadmin/1.9.x/ajax/landing/option-1/img/works/6.jpg]
[192.241.236.31/themes/preview/smartadmin/1.9.x/ajax/landing/option-1/img/works/7.jpg]
[192.241.236.31/themes/preview/smartadmin/1.9.x/ajax/landing/option-1/img/works/8.jpg]
[192.241.236.31/themes/preview/smartadmin/1.9.x/ajax/landing/option-1/img/map.png]
[ajax.googleapis.com/ajax/libs/jquery/2.0.2/jquery.min.js]
[192.241.236.31/themes/preview/smartadmin/1.9.x/ajax/landing/option-1/js/libs/jquery-2.0.2.min.js]
[ajax.googleapis.com/ajax/libs/jqueryui/1.10.3/jquery-ui.min.js]
[192.241.236.31/themes/preview/smartadmin/1.9.x/ajax/landing/option-1/js/bootstrap/bootstrap.min.js]
[192.241.236.31/themes/preview/smartadmin/1.9.x/ajax/landing/option-1/js/plugins/classie.js]
[192.241.236.31/themes/preview/smartadmin/1.9.x/ajax/landing/option-1/js/plugins/gnmenu.js]
[192.241.236.31/themes/preview/smartadmin/1.9.x/ajax/landing/option-1/js/libs/jquery-ui-1.10.3.min.js]
[192.241.236.31/themes/preview/smartadmin/1.9.x/ajax/landing/option-1/js/plugins/jquery.scrollUp.js]
[192.241.236.31/themes/preview/smartadmin/1.9.x/ajax/landing/option-1/js/plugins/nivo-lightbox.min.js]
[192.241.236.31/themes/preview/smartadmin/1.9.x/ajax/landing/option-1/js/plugins/smoothscroll.js]
[192.241.236.31/themes/preview/smartadmin/1.9.x/ajax/landing/option-1/js/custom.js]
[192.241.236.31/themes/preview/smartadmin/1.9.x/ajax/landing/option-1/index.html]
[192.241.236.31/themes/preview/smartadmin/1.9.x/ajax/landing/option-2/fonts/elegant/styles.css]
[192.241.236.31/themes/preview/smartadmin/1.9.x/ajax/landing/option-2/css/magnific-popup.css]
[192.241.236.31/themes/preview/smartadmin/1.9.x/ajax/landing/option-2/css/owl.theme.css]
[192.241.236.31/themes/preview/smartadmin/1.9.x/ajax/landing/option-1/js/plugins/jquery.themepunch.plugins.min.js]
[192.241.236.31/themes/preview/smartadmin/1.9.x/ajax/landing/option-1/js/plugins/jquery.themepunch.revolution.min.js]
[192.241.236.31/themes/preview/smartadmin/1.9.x/ajax/landing/option-2/css/bootstrap.css]
[192.241.236.31/themes/preview/smartadmin/1.9.x/ajax/landing/option-2/css/main.css]
[192.241.236.31/themes/preview/smartadmin/1.9.x/ajax/landing/option-2/css/owl.carousel.css]
[192.241.236.31/themes/preview/smartadmin/1.9.x/ajax/landing/option-2/img/user-pic.jpg]
[192.241.236.31/themes/preview/smartadmin/1.9.x/ajax/landing/option-2/blog.html]
[192.241.236.31/themes/preview/smartadmin/1.9.x/ajax/landing/option-2/img/featured/post-1.jpg]
[192.241.236.31/themes/preview/smartadmin/1.9.x/ajax/landing/option-2/blog-single.html]
[192.241.236.31/themes/preview/smartadmin/1.9.x/ajax/landing/option-2/img/featured/post-2.jpg]
[192.241.236.31/themes/preview/smartadmin/1.9.x/ajax/landing/option-2/img/port/port-1.png]
[192.241.236.31/themes/preview/smartadmin/1.9.x/ajax/landing/option-2/img/port/port-3.jpg]
[192.241.236.31/themes/preview/smartadmin/1.9.x/ajax/landing/option-2/img/popups/pop-1.jpg]
[192.241.236.31/themes/preview/smartadmin/1.9.x/ajax/landing/option-2/img/port/port-2.png]
[192.241.236.31/themes/preview/smartadmin/1.9.x/ajax/landing/option-2/img/popups/pop-2.jpg]
[192.241.236.31/themes/preview/smartadmin/1.9.x/ajax/landing/option-2/img/port/port-4.jpg]
[192.241.236.31/themes/preview/smartadmin/1.9.x/ajax/landing/option-2/img/port/port-5.png]
[192.241.236.31/themes/preview/smartadmin/1.9.x/ajax/landing/option-2/img/port/port-6.jpg]
[192.241.236.31/themes/preview/smartadmin/1.9.x/ajax/landing/option-2/img/popups/pop-3.jpg]
[192.241.236.31/themes/preview/smartadmin/1.9.x/ajax/landing/option-2/js/modernizr.custom.js]
[192.241.236.31/themes/preview/smartadmin/1.9.x/ajax/landing/option-2/js/jquery-1.10.2.min.js]
[192.241.236.31/themes/preview/smartadmin/1.9.x/ajax/landing/option-2/js/debounce.js]
[192.241.236.31/themes/preview/smartadmin/1.9.x/ajax/landing/option-2/js/snap.svg-min.js]
[192.241.236.31/themes/preview/smartadmin/1.9.x/ajax/landing/option-2/js/fastclick.min.js]
[192.241.236.31/themes/preview/smartadmin/1.9.x/ajax/landing/option-2/js/masonry.pkgd.min.js]
[192.241.236.31/themes/preview/smartadmin/1.9.x/ajax/landing/option-2/js/jquery.isotope.min.js]
[192.241.236.31/themes/preview/smartadmin/1.9.x/ajax/landing/option-2/js/magnific-popup.min.js]
[192.241.236.31/themes/preview/smartadmin/1.9.x/ajax/landing/option-2/js/jquery.validate.min.js]
[192.241.236.31/themes/preview/smartadmin/1.9.x/ajax/landing/option-2/js/owl.carousel.min.js]
[192.241.236.31/themes/preview/smartadmin/1.9.x/ajax/landing/option-2/js/skills.js]
[192.241.236.31/themes/preview/smartadmin/1.9.x/ajax/landing/option-2/js/jquery.smooth-scroll.min.js]
[192.241.236.31/themes/preview/smartadmin/1.9.x/ajax/landing/option-2/js/jquery.keyframes.min.js]
[192.241.236.31/themes/preview/smartadmin/1.9.x/ajax/landing/option-2/js/flip.js]
[192.241.236.31/themes/preview/smartadmin/1.9.x/ajax/landing/option-2/js/custom.js]
[192.241.236.31/themes/preview/smartadmin/1.9.x/ajax/landing/option-2/index.html]
[192.241.236.31/themes/preview/smartadmin/1.9.x/ajax/landing/option-3/assets/css/bootstrap.min.css]
[192.241.236.31/themes/preview/smartadmin/1.9.x/ajax/landing/option-3/assets/css/bootstrap-theme.min.css]
[maxcdn.bootstrapcdn.com/font-awesome/4.3.0/css/font-awesome.min.css]
[192.241.236.31/themes/preview/smartadmin/1.9.x/ajax/landing/option-3/assets/css/style.css]
[192.241.236.31/themes/preview/smartadmin/1.9.x/ajax/landing/option-3/assets/images/logo.png]
[192.241.236.31/themes/preview/smartadmin/1.9.x/ajax/landing/option-3/assets/images/blog-slider1.jpg]
[192.241.236.31/themes/preview/smartadmin/1.9.x/ajax/landing/option-3/assets/images/blog-slider2.jpg]
[192.241.236.31/themes/preview/smartadmin/1.9.x/ajax/landing/option-3/assets/images/blog-slider3.jpg]
[192.241.236.31/themes/preview/smartadmin/1.9.x/ajax/landing/option-3/assets/images/member.jpg]
[192.241.236.31/themes/preview/smartadmin/1.9.x/ajax/landing/option-3/assets/images/portfolio1.jpg]
[192.241.236.31/themes/preview/smartadmin/1.9.x/ajax/landing/option-3/assets/images/portfolio2.jpg]
[192.241.236.31/themes/preview/smartadmin/1.9.x/ajax/landing/option-3/assets/images/portfolio3.jpg]
[192.241.236.31/themes/preview/smartadmin/1.9.x/ajax/landing/option-3/assets/images/portfolio4.jpg]
[192.241.236.31/themes/preview/smartadmin/1.9.x/ajax/landing/option-3/assets/images/portfolio5.jpg]
[192.241.236.31/themes/preview/smartadmin/1.9.x/ajax/landing/option-3/assets/images/portfolio6.jpg]
[192.241.236.31/themes/preview/smartadmin/1.9.x/ajax/landing/option-3/assets/images/blog1.jpg]
[192.241.236.31/themes/preview/smartadmin/1.9.x/ajax/landing/option-3/assets/images/blog2.jpg]
[192.241.236.31/themes/preview/smartadmin/1.9.x/ajax/landing/option-3/assets/images/blog3.jpg]
[192.241.236.31/themes/preview/smartadmin/1.9.x/ajax/landing/option-3/assets/images/logo-white.png]
[192.241.236.31/themes/preview/smartadmin/1.9.x/ajax/landing/option-3/assets/js/jquery-latest.min.js]
[192.241.236.31/themes/preview/smartadmin/1.9.x/ajax/landing/option-3/assets/js/bootstrap.min.js]
[192.241.236.31/themes/preview/smartadmin/1.9.x/ajax/landing/option-3/assets/js/jquery.bxslider.min.js]
[192.241.236.31/themes/preview/smartadmin/1.9.x/ajax/landing/option-3/assets/js/isotope.pkgd.min.js]
[192.241.236.31/themes/preview/smartadmin/1.9.x/ajax/landing/option-3/assets/js/jquery.fancybox.css]
[192.241.236.31/themes/preview/smartadmin/1.9.x/ajax/landing/option-3/assets/js/jquery.fancybox.pack.js]
[192.241.236.31/themes/preview/smartadmin/1.9.x/ajax/landing/option-3/assets/js/jquery.sticky-kit.min.js]
[192.241.236.31/themes/preview/smartadmin/1.9.x/ajax/landing/option-3/assets/js/script.js]
[192.241.236.31/themes/preview/smartadmin/1.9.x/ajax/landing/option-3/index.html]
[192.241.236.31/themes/preview/smartadmin/1.9.x/ajax/ajax/img/ribbon.png]
[192.241.236.31/themes/preview/smartadmin/1.9.x/ajax/ajax/pricing-table.html]
[192.241.236.31/themes/preview/smartadmin/1.9.x/ajax/ajax/css/invoice.min.css]
[192.241.236.31/themes/preview/smartadmin/1.9.x/ajax/ajax/img/logo-blacknwhite.png]
[192.241.236.31/themes/preview/smartadmin/1.9.x/ajax/ajax/img/invoice/paypal.png]
[192.241.236.31/themes/preview/smartadmin/1.9.x/ajax/ajax/img/invoice/americanexpress.png]
[192.241.236.31/themes/preview/smartadmin/1.9.x/ajax/ajax/img/invoice/mastercard.png]
[192.241.236.31/themes/preview/smartadmin/1.9.x/ajax/ajax/img/invoice/visa.png]
[192.241.236.31/themes/preview/smartadmin/1.9.x/ajax/ajax/invoice.html]
[192.241.236.31/themes/preview/smartadmin/1.9.x/ajax/register.html]
[192.241.236.31/themes/preview/smartadmin/1.9.x/ajax/forgotpassword.html]
[192.241.236.31/themes/preview/smartadmin/1.9.x/ajax/css/lockscreen.min.css]
[192.241.236.31/themes/preview/smartadmin/1.9.x/ajax/img/logo-o.png]
[192.241.236.31/themes/preview/smartadmin/1.9.x/ajax/img/avatars/sunny-big.png]
[192.241.236.31/themes/preview/smartadmin/1.9.x/ajax/lock.html]
[192.241.236.31/themes/preview/smartadmin/1.9.x/ajax/ajax/error404.html]
[192.241.236.31/themes/preview/smartadmin/1.9.x/ajax/ajax/error500.html]
[192.241.236.31/themes/preview/smartadmin/1.9.x/ajax/ajax/blank_.html]
[192.241.236.31/themes/preview/smartadmin/1.9.x/ajax/ajax/img/demo/chat.png]
[192.241.236.31/themes/preview/smartadmin/1.9.x/ajax/ajax/chat.html]
[192.241.236.31/themes/preview/smartadmin/1.9.x/ajax/fonts/glyphicons-halflings-regular.html]
[192.241.236.31/themes/preview/smartadmin/1.9.x/ajax/fonts/glyphicons-halflings-regulard41d.html]
[192.241.236.31/themes/preview/smartadmin/1.9.x/ajax/fonts/glyphicons-halflings-regular-2.html]
[192.241.236.31/themes/preview/smartadmin/1.9.x/ajax/fonts/glyphicons-halflings-regular-3.html]
[192.241.236.31/themes/preview/smartadmin/1.9.x/ajax/fonts/glyphicons-halflings-regular-4.html]
[192.241.236.31/themes/preview/smartadmin/1.9.x/ajax/fonts/glyphicons-halflings-regular.svg]
[192.241.236.31/themes/preview/smartadmin/1.9.x/ajax/fonts/font-awesome/fontawesome-webfont3295.html]
[192.241.236.31/themes/preview/smartadmin/1.9.x/ajax/fonts/font-awesome/fontawesome-webfont3295-2.html]
[192.241.236.31/themes/preview/smartadmin/1.9.x/ajax/fonts/font-awesome/fontawesome-webfont3295-3.html]
[192.241.236.31/themes/preview/smartadmin/1.9.x/ajax/fonts/font-awesome/fontawesome-webfont3295-4.html]
[192.241.236.31/themes/preview/smartadmin/1.9.x/ajax/fonts/font-awesome/fontawesome-webfont3295.svg]
[192.241.236.31/themes/preview/smartadmin/1.9.x/ajax/css/Jcrop.html]
[192.241.236.31/themes/preview/smartadmin/1.9.x/ajax/fonts/summernote.html]
[192.241.236.31/themes/preview/smartadmin/1.9.x/ajax/fonts/summernoted41d.html]
[192.241.236.31/themes/preview/smartadmin/1.9.x/ajax/fonts/summernote-2.html]
[192.241.236.31/themes/preview/smartadmin/1.9.x/ajax/fonts/summernote-3.html]
[192.241.236.31/themes/preview/smartadmin/1.9.x/ajax/ajax/img/avatars/5.html]
[192.241.236.31/themes/preview/smartadmin/1.9.x/ajax/ajax/img/avatars/male.html]
[192.241.236.31/themes/preview/smartadmin/1.9.x/ajax/ajax/img/avatars/sunny.html]
[192.241.236.31/themes/preview/smartadmin/1.9.x/ajax/ajax/js/plugin/flot/jquery.flot.cust.min.html]
[192.241.236.31/themes/preview/smartadmin/1.9.x/ajax/ajax/js/plugin/flot/jquery.flot.resize.min.html]
[192.241.236.31/themes/preview/smartadmin/1.9.x/ajax/ajax/js/plugin/flot/jquery.flot.time.min.html]
[192.241.236.31/themes/preview/smartadmin/1.9.x/ajax/ajax/js/plugin/flot/jquery.flot.tooltip.min.html]
[192.241.236.31/themes/preview/smartadmin/1.9.x/ajax/ajax/js/plugin/vectormap/jquery-jvectormap-1.2.2.min.html]
[192.241.236.31/themes/preview/smartadmin/1.9.x/ajax/ajax/js/plugin/vectormap/jquery-jvectormap-world-mill-en.html]
[192.241.236.31/themes/preview/smartadmin/1.9.x/ajax/ajax/js/plugin/moment/moment.min.html]
[192.241.236.31/themes/preview/smartadmin/1.9.x/ajax/ajax/js/plugin/fullcalendar/fullcalendar.min.html]
[192.241.236.31/themes/preview/smartadmin/1.9.x/ajax/ajax/img/avatars/1.html]
[192.241.236.31/themes/preview/smartadmin/1.9.x/ajax/ajax/img/avatars/3.html]
[192.241.236.31/themes/preview/smartadmin/1.9.x/ajax/ajax/img/avatars/4.html]
[192.241.236.31/themes/preview/smartadmin/1.9.x/ajax/ajax/img/avatars/female.html]
[192.241.236.31/themes/preview/smartadmin/1.9.x/ajax/ajax/img/avatars/2.html]
[192.241.236.31/themes/preview/smartadmin/1.9.x/ajax/ajax/js/plugin/chartjs/chart.min.html]
[192.241.236.31/themes/preview/smartadmin/1.9.x/ajax/ajax/js/plugin/flot/jquery.flot.fillbetween.min.html]
[192.241.236.31/themes/preview/smartadmin/1.9.x/ajax/ajax/js/plugin/flot/jquery.flot.orderBar.min.html]
[192.241.236.31/themes/preview/smartadmin/1.9.x/ajax/ajax/js/plugin/flot/jquery.flot.pie.min.html]
[192.241.236.31/themes/preview/smartadmin/1.9.x/ajax/ajax/img/realestate/6.html]
[192.241.236.31/themes/preview/smartadmin/1.9.x/ajax/ajax/img/demo/layout-skins/layout-collapse.html]
[192.241.236.31/themes/preview/smartadmin/1.9.x/ajax/ajax/img/demo/layout-skins/layout-hidden.html]
[192.241.236.31/themes/preview/smartadmin/1.9.x/ajax/ajax/img/demo/layout-skins/layout-menutop.html]
[192.241.236.31/themes/preview/smartadmin/1.9.x/ajax/ajax/img/demo/layout-skins/layout-collapse-minified.html]
[192.241.236.31/themes/preview/smartadmin/1.9.x/ajax/ajax/img/demo/layout-skins/layout-rtl.html]
[192.241.236.31/themes/preview/smartadmin/1.9.x/ajax/ajax/img/demo/layout-skins/layout-rtl-menutop.html]
[192.241.236.31/themes/preview/smartadmin/1.9.x/ajax/ajax/img/demo/layout-skins/skin-glass.html]
[192.241.236.31/themes/preview/smartadmin/1.9.x/ajax/ajax/img/demo/layout-skins/skin-material.html]
[192.241.236.31/themes/preview/smartadmin/1.9.x/ajax/ajax/img/demo/layout-skins/skin-pixel.html]
[192.241.236.31/themes/preview/smartadmin/1.9.x/ajax/ajax/img/demo/layout-skins/skin-dark.html]
[192.241.236.31/themes/preview/smartadmin/1.9.x/ajax/ajax/img/demo/layout-skins/skin-google.html]
[192.241.236.31/themes/preview/smartadmin/1.9.x/ajax/ajax/img/demo/layout-skins/skin-ultralight.html]
[192.241.236.31/themes/preview/smartadmin/1.9.x/ajax/ajax/img/demo/layout-skins/skin-default.html]
[192.241.236.31/themes/preview/smartadmin/1.9.x/ajax/ajax/img/versions/ajaxversion.html]
[192.241.236.31/themes/preview/smartadmin/1.9.x/ajax/ajax/img/versions/angularversion.html]
[192.241.236.31/themes/preview/smartadmin/1.9.x/ajax/ajax/img/versions/htmlversion.html]
[192.241.236.31/themes/preview/smartadmin/1.9.x/ajax/ajax/img/versions/phpversion.html]
[192.241.236.31/themes/preview/smartadmin/1.9.x/ajax/ajax/img/versions/dotnetversion.html]
[192.241.236.31/themes/preview/smartadmin/1.9.x/ajax/ajax/img/versions/reactversion.html]
[192.241.236.31/themes/preview/smartadmin/1.9.x/ajax/ajax/img/versions/rorversion.html]
[192.241.236.31/themes/preview/smartadmin/1.9.x/ajax/ajax/login.html]
[192.241.236.31/themes/preview/smartadmin/1.9.x/ajax/ajax/img/logo.html]
[192.241.236.31/themes/preview/smartadmin/1.9.x/ajax/ajax/ajax/email/email-list.html]
[192.241.236.31/themes/preview/smartadmin/1.9.x/ajax/ajax/ajax/email-compose.html]
[192.241.236.31/themes/preview/smartadmin/1.9.x/ajax/ajax/js/plugin/delete-table-row/delete-table-row.min.html]
[192.241.236.31/themes/preview/smartadmin/1.9.x/ajax/ajax/ajax/email-opened.html]
[192.241.236.31/themes/preview/smartadmin/1.9.x/ajax/ajax/ajax/email-reply.html]
[192.241.236.31/themes/preview/smartadmin/1.9.x/ajax/ajax/img/demo/basic.html]
[192.241.236.31/themes/preview/smartadmin/1.9.x/ajax/Email_Templates/basic.html]
[192.241.236.31/themes/preview/smartadmin/1.9.x/ajax/ajax/img/demo/sidebar.html]
[192.241.236.31/themes/preview/smartadmin/1.9.x/ajax/Email_Templates/sidebar.html]
[192.241.236.31/themes/preview/smartadmin/1.9.x/ajax/ajax/img/demo/hero.html]
[192.241.236.31/themes/preview/smartadmin/1.9.x/ajax/Email_Templates/hero.html]
[192.241.236.31/themes/preview/smartadmin/1.9.x/ajax/ajax/img/demo/sidebarhero.html]
[192.241.236.31/themes/preview/smartadmin/1.9.x/ajax/Email_Templates/sidebar-hero.html]
[192.241.236.31/themes/preview/smartadmin/1.9.x/ajax/ajax/img/demo/newsletter.html]
[192.241.236.31/themes/preview/smartadmin/1.9.x/ajax/Email_Templates/newsletter.html]
[192.241.236.31/themes/preview/smartadmin/1.9.x/ajax/ajax/js/plugin/morris/raphael.min.html]
[192.241.236.31/themes/preview/smartadmin/1.9.x/ajax/ajax/js/plugin/morris/morris.min.html]
[192.241.236.31/themes/preview/smartadmin/1.9.x/ajax/ajax/js/plugin/dygraphs/demo-data.min.html]
[192.241.236.31/themes/preview/smartadmin/1.9.x/ajax/ajax/js/plugin/dygraphs/dygraph-combined.min.html]
[192.241.236.31/themes/preview/smartadmin/1.9.x/ajax/ajax/js/plugin/highChartCore/highcharts-custom.min.html]
[192.241.236.31/themes/preview/smartadmin/1.9.x/ajax/ajax/js/plugin/highchartTable/jquery.highchartTable.min.html]
[192.241.236.31/themes/preview/smartadmin/1.9.x/ajax/ajax/js/plugin/datatables/jquery.dataTables.min.html]
[192.241.236.31/themes/preview/smartadmin/1.9.x/ajax/ajax/js/plugin/datatables/dataTables.colVis.min.html]
[192.241.236.31/themes/preview/smartadmin/1.9.x/ajax/ajax/js/plugin/datatables/dataTables.tableTools.min.html]
[192.241.236.31/themes/preview/smartadmin/1.9.x/ajax/ajax/js/plugin/datatables/dataTables.bootstrap.min.html]
[192.241.236.31/themes/preview/smartadmin/1.9.x/ajax/ajax/js/plugin/datatable-responsive/datatables.responsive.min.html]
[192.241.236.31/themes/preview/smartadmin/1.9.x/ajax/ajax/js/plugin/jqgrid/jquery.jqGrid.min.html]
[192.241.236.31/themes/preview/smartadmin/1.9.x/ajax/ajax/js/plugin/jqgrid/grid.locale-en.min.html]
[192.241.236.31/themes/preview/smartadmin/1.9.x/ajax/ajax/ajax/modal-content/model-content-2.html]
[192.241.236.31/themes/preview/smartadmin/1.9.x/ajax/ajax/js/plugin/jquery-form/jquery-form.min.html]
[192.241.236.31/themes/preview/smartadmin/1.9.x/ajax/ajax/js/plugin/bootstrapvalidator/bootstrapValidator.min.html]
[192.241.236.31/themes/preview/smartadmin/1.9.x/ajax/ajax/form-x-editable.html]
[192.241.236.31/themes/preview/smartadmin/1.9.x/ajax/ajax/js/plugin/maxlength/bootstrap-maxlength.min.html]
[192.241.236.31/themes/preview/smartadmin/1.9.x/ajax/ajax/js/plugin/bootstrap-timepicker/bootstrap-timepicker.min.html]
[192.241.236.31/themes/preview/smartadmin/1.9.x/ajax/ajax/js/plugin/clockpicker/clockpicker.min.html]
[192.241.236.31/themes/preview/smartadmin/1.9.x/ajax/ajax/js/plugin/noUiSlider/jquery.nouislider.min.html]
[192.241.236.31/themes/preview/smartadmin/1.9.x/ajax/ajax/js/plugin/ion-slider/ion.rangeSlider.min.html]
[192.241.236.31/themes/preview/smartadmin/1.9.x/ajax/ajax/js/plugin/bootstrap-duallistbox/jquery.bootstrap-duallistbox.min.html]
[192.241.236.31/themes/preview/smartadmin/1.9.x/ajax/ajax/js/plugin/colorpicker/bootstrap-colorpicker.min.html]
[192.241.236.31/themes/preview/smartadmin/1.9.x/ajax/ajax/js/plugin/bootstrap-tags/bootstrap-tagsinput.min.html]
[192.241.236.31/themes/preview/smartadmin/1.9.x/ajax/ajax/js/plugin/knob/jquery.knob.min.html]
[192.241.236.31/themes/preview/smartadmin/1.9.x/ajax/ajax/js/plugin/x-editable/moment.min.html]
[192.241.236.31/themes/preview/smartadmin/1.9.x/ajax/ajax/js/plugin/x-editable/jquery.mockjax.min.html]
[192.241.236.31/themes/preview/smartadmin/1.9.x/ajax/ajax/js/plugin/x-editable/x-editable.min.html]
[192.241.236.31/themes/preview/smartadmin/1.9.x/ajax/ajax/js/plugin/typeahead/typeahead.min.html]
[192.241.236.31/themes/preview/smartadmin/1.9.x/ajax/ajax/js/plugin/typeahead/typeaheadjs.min.html]
[192.241.236.31/themes/preview/smartadmin/1.9.x/ajax/ajax/plugins4a97.html]
[192.241.236.31/themes/preview/smartadmin/1.9.x/ajax/ajax/pluginsd41d.html]
[192.241.236.31/themes/preview/smartadmin/1.9.x/ajax/ajax/js/plugin/bootstrap-wizard/jquery.bootstrap.wizard.min.html]
[192.241.236.31/themes/preview/smartadmin/1.9.x/ajax/ajax/js/plugin/fuelux/wizard/wizard.min.html]
[192.241.236.31/themes/preview/smartadmin/1.9.x/ajax/ajax/js/plugin/summernote/summernote.min.html]
[192.241.236.31/themes/preview/smartadmin/1.9.x/ajax/ajax/js/plugin/markdown/markdown.min.html]
[192.241.236.31/themes/preview/smartadmin/1.9.x/ajax/ajax/js/plugin/markdown/to-markdown.min.html]
[192.241.236.31/themes/preview/smartadmin/1.9.x/ajax/ajax/js/plugin/markdown/bootstrap-markdown.min.html]
[192.241.236.31/themes/preview/smartadmin/1.9.x/ajax/ajax/js/plugin/dropzone/dropzone.min.html]
[192.241.236.31/themes/preview/smartadmin/1.9.x/ajax/ajax/img/superbox/superbox-full-7.html]
[192.241.236.31/themes/preview/smartadmin/1.9.x/ajax/ajax/img/superbox/superbox-full-11.html]
[192.241.236.31/themes/preview/smartadmin/1.9.x/ajax/ajax/img/superbox/superbox-full-10.html]
[192.241.236.31/themes/preview/smartadmin/1.9.x/ajax/ajax/img/superbox/superbox-full-9.html]
[192.241.236.31/themes/preview/smartadmin/1.9.x/ajax/ajax/img/superbox/superbox-full-16.html]
[192.241.236.31/themes/preview/smartadmin/1.9.x/ajax/ajax/img/superbox/superbox-full-24.html]
[192.241.236.31/themes/preview/smartadmin/1.9.x/ajax/ajax/img/superbox/superbox-full-20.html]
[192.241.236.31/themes/preview/smartadmin/1.9.x/ajax/ajax/js/plugin/jcrop/jquery.Jcrop.min.html]
[192.241.236.31/themes/preview/smartadmin/1.9.x/ajax/ajax/js/plugin/jcrop/jquery.color.min.html]
[192.241.236.31/themes/preview/smartadmin/1.9.x/ajax/ajax/js/plugin/ckeditor/ckeditor.html]
[192.241.236.31/themes/preview/smartadmin/1.9.x/ajax/ajax/img/demo/m3.html]
[192.241.236.31/themes/preview/smartadmin/1.9.x/ajax/ajax/img/demo/m1.html]
[192.241.236.31/themes/preview/smartadmin/1.9.x/ajax/ajax/img/demo/m2.html]
[192.241.236.31/themes/preview/smartadmin/1.9.x/ajax/ajax/ajax/modal-content/model-content-1.html]
[192.241.236.31/themes/preview/smartadmin/1.9.x/ajax/ajax/img/demo/demo-smartbig-alert.html]
[192.241.236.31/themes/preview/smartadmin/1.9.x/ajax/ajax/img/demo/64x64.html]
[192.241.236.31/themes/preview/smartadmin/1.9.x/ajax/ajax/js/plugin/bootstrap-progressbar/bootstrap-progressbar.min.html]
[192.241.236.31/themes/preview/smartadmin/1.9.x/ajax/ajax/img/blank.html]
[192.241.236.31/themes/preview/smartadmin/1.9.x/ajax/ajax/img/demo/responseimg.html]
[192.241.236.31/themes/preview/smartadmin/1.9.x/ajax/ajax/js/plugin/bootstraptree/bootstrap-tree.min.html]
[192.241.236.31/themes/preview/smartadmin/1.9.x/ajax/ajax/js/plugin/jquery-nestable/jquery.nestable.min.html]
[192.241.236.31/themes/preview/smartadmin/1.9.x/ajax/ajax/jqui4c4a.html]
[192.241.236.31/themes/preview/smartadmin/1.9.x/ajax/ajax/img/demo/widget-colorpicker.html]
[192.241.236.31/themes/preview/smartadmin/1.9.x/ajax/ajax/ajax/demowidget.html]
[192.241.236.31/themes/preview/smartadmin/1.9.x/ajax/ajax/xml/gmap/pins.html]
[192.241.236.31/themes/preview/smartadmin/1.9.x/ajax/ajax/img/superbox/superbox-full-15.html]
[192.241.236.31/themes/preview/smartadmin/1.9.x/ajax/ajax/img/superbox/superbox-full-19.html]
[192.241.236.31/themes/preview/smartadmin/1.9.x/ajax/ajax/img/demo/video.html]
[192.241.236.31/themes/preview/smartadmin/1.9.x/ajax/ajax/img/superbox/superbox-thumb-1.html]
[192.241.236.31/themes/preview/smartadmin/1.9.x/ajax/ajax/img/superbox/superbox-thumb-2.html]
[192.241.236.31/themes/preview/smartadmin/1.9.x/ajax/ajax/img/superbox/superbox-thumb-3.html]
[192.241.236.31/themes/preview/smartadmin/1.9.x/ajax/ajax/img/superbox/superbox-thumb-4.html]
[192.241.236.31/themes/preview/smartadmin/1.9.x/ajax/ajax/img/superbox/superbox-thumb-5.html]
[192.241.236.31/themes/preview/smartadmin/1.9.x/ajax/ajax/img/superbox/superbox-thumb-6.html]
[192.241.236.31/themes/preview/smartadmin/1.9.x/ajax/ajax/img/superbox/superbox-thumb-7.html]
[192.241.236.31/themes/preview/smartadmin/1.9.x/ajax/ajax/img/superbox/superbox-thumb-8.html]
[192.241.236.31/themes/preview/smartadmin/1.9.x/ajax/ajax/img/superbox/superbox-thumb-9.html]
[192.241.236.31/themes/preview/smartadmin/1.9.x/ajax/ajax/img/superbox/superbox-thumb-10.html]
[192.241.236.31/themes/preview/smartadmin/1.9.x/ajax/ajax/img/superbox/superbox-thumb-11.html]
[192.241.236.31/themes/preview/smartadmin/1.9.x/ajax/ajax/img/superbox/superbox-thumb-12.html]
[192.241.236.31/themes/preview/smartadmin/1.9.x/ajax/ajax/img/superbox/superbox-thumb-13.html]
[192.241.236.31/themes/preview/smartadmin/1.9.x/ajax/ajax/img/superbox/superbox-thumb-14.html]
[192.241.236.31/themes/preview/smartadmin/1.9.x/ajax/ajax/img/superbox/superbox-thumb-15.html]
[192.241.236.31/themes/preview/smartadmin/1.9.x/ajax/ajax/img/superbox/superbox-thumb-16.html]
[192.241.236.31/themes/preview/smartadmin/1.9.x/ajax/ajax/img/superbox/superbox-thumb-17.html]
[192.241.236.31/themes/preview/smartadmin/1.9.x/ajax/ajax/img/superbox/superbox-thumb-18.html]
[192.241.236.31/themes/preview/smartadmin/1.9.x/ajax/ajax/img/superbox/superbox-thumb-19.html]
[192.241.236.31/themes/preview/smartadmin/1.9.x/ajax/ajax/img/superbox/superbox-thumb-20.html]
[192.241.236.31/themes/preview/smartadmin/1.9.x/ajax/ajax/img/superbox/superbox-thumb-21.html]
[192.241.236.31/themes/preview/smartadmin/1.9.x/ajax/ajax/img/superbox/superbox-thumb-22.html]
[192.241.236.31/themes/preview/smartadmin/1.9.x/ajax/ajax/img/superbox/superbox-thumb-23.html]
[192.241.236.31/themes/preview/smartadmin/1.9.x/ajax/ajax/img/superbox/superbox-thumb-24.html]
[192.241.236.31/themes/preview/smartadmin/1.9.x/ajax/ajax/js/plugin/superbox/superbox.min.html]
[192.241.236.31/themes/preview/smartadmin/1.9.x/ajax/ajax/img/demo/s1.html]
[192.241.236.31/themes/preview/smartadmin/1.9.x/ajax/ajax/img/demo/s2.html]
[192.241.236.31/themes/preview/smartadmin/1.9.x/ajax/ajax/img/avatars/sunny-big.html]
[192.241.236.31/themes/preview/smartadmin/1.9.x/ajax/ajax/img/demo/sample.html]
[192.241.236.31/themes/preview/smartadmin/1.9.x/ajax/ajax/img/demo/e-comm/1.html]
[192.241.236.31/themes/preview/smartadmin/1.9.x/ajax/ajax/img/demo/e-comm/2.html]
[192.241.236.31/themes/preview/smartadmin/1.9.x/ajax/ajax/img/demo/e-comm/3.html]
[192.241.236.31/themes/preview/smartadmin/1.9.x/ajax/ajax/img/demo/e-comm/4.html]
[192.241.236.31/themes/preview/smartadmin/1.9.x/ajax/ajax/img/demo/e-comm/5.html]
[192.241.236.31/themes/preview/smartadmin/1.9.x/ajax/ajax/img/demo/e-comm/7.html]
[192.241.236.31/themes/preview/smartadmin/1.9.x/ajax/ajax/img/demo/e-comm/8.html]
[192.241.236.31/themes/preview/smartadmin/1.9.x/ajax/ajax/img/demo/e-comm/9.html]
[192.241.236.31/themes/preview/smartadmin/1.9.x/ajax/ajax/img/demo/e-comm/detail-1.html]
[192.241.236.31/themes/preview/smartadmin/1.9.x/ajax/ajax/img/demo/e-comm/detail-2.html]
[192.241.236.31/themes/preview/smartadmin/1.9.x/ajax/ajax/img/demo/e-comm/detail-3.html]
[192.241.236.31/themes/preview/smartadmin/1.9.x/ajax/landing/option-1/css/bootstrap.min.css]
[192.241.236.31/themes/preview/smartadmin/1.9.x/ajax/landing/option-1/css/extralayers.css]
[192.241.236.31/themes/preview/smartadmin/1.9.x/ajax/landing/option-1/images/gradient/g30.png]
[192.241.236.31/themes/preview/smartadmin/1.9.x/ajax/landing/option-1/images/gradient/g40.png]
[192.241.236.31/themes/preview/smartadmin/1.9.x/ajax/landing/option-1/assets/shadow1.png]
[192.241.236.31/themes/preview/smartadmin/1.9.x/ajax/landing/option-1/assets/shadow2.png]
[192.241.236.31/themes/preview/smartadmin/1.9.x/ajax/landing/option-1/assets/shadow3.png]
[192.241.236.31/themes/preview/smartadmin/1.9.x/ajax/landing/option-1/assets/gridtile.png]
[192.241.236.31/themes/preview/smartadmin/1.9.x/ajax/landing/option-1/assets/gridtile_white.png]
[192.241.236.31/themes/preview/smartadmin/1.9.x/ajax/landing/option-1/assets/gridtile_3x3.png]
[192.241.236.31/themes/preview/smartadmin/1.9.x/ajax/landing/option-1/assets/gridtile_3x3_white.png]
[192.241.236.31/themes/preview/smartadmin/1.9.x/ajax/landing/option-1/assets/boxed_bgtile.png]
[192.241.236.31/themes/preview/smartadmin/1.9.x/ajax/landing/option-1/assets/navigdots_bgtile.png]
[192.241.236.31/themes/preview/smartadmin/1.9.x/ajax/landing/option-1/assets/bullet.png]
[192.241.236.31/themes/preview/smartadmin/1.9.x/ajax/landing/option-1/assets/bullets.png]
[192.241.236.31/themes/preview/smartadmin/1.9.x/ajax/landing/option-1/assets/bullets2.png]
[192.241.236.31/themes/preview/smartadmin/1.9.x/ajax/landing/option-1/assets/bullet_boxed.png]
[192.241.236.31/themes/preview/smartadmin/1.9.x/ajax/landing/option-1/assets/navigdots.png]
[192.241.236.31/themes/preview/smartadmin/1.9.x/ajax/landing/option-1/assets/large_left.png]
[192.241.236.31/themes/preview/smartadmin/1.9.x/ajax/landing/option-1/assets/large_right.png]
[192.241.236.31/themes/preview/smartadmin/1.9.x/ajax/landing/option-1/assets/small_left.png]
[192.241.236.31/themes/preview/smartadmin/1.9.x/ajax/landing/option-1/assets/small_right.png]
[192.241.236.31/themes/preview/smartadmin/1.9.x/ajax/landing/option-1/assets/arrow_left.png]
[192.241.236.31/themes/preview/smartadmin/1.9.x/ajax/landing/option-1/assets/arrow_right.png]
[192.241.236.31/themes/preview/smartadmin/1.9.x/ajax/landing/option-1/assets/small_left_boxed.png]
[192.241.236.31/themes/preview/smartadmin/1.9.x/ajax/landing/option-1/assets/small_right_boxed.png]
[192.241.236.31/themes/preview/smartadmin/1.9.x/ajax/landing/option-1/assets/arrowleft.png]
[192.241.236.31/themes/preview/smartadmin/1.9.x/ajax/landing/option-1/assets/arrowright.png]
[192.241.236.31/themes/preview/smartadmin/1.9.x/ajax/landing/option-1/assets/arrow_left2.png]
[192.241.236.31/themes/preview/smartadmin/1.9.x/ajax/landing/option-1/assets/arrow_right2.png]
[192.241.236.31/themes/preview/smartadmin/1.9.x/ajax/landing/option-1/img/slider/timer.png]
[192.241.236.31/themes/preview/smartadmin/1.9.x/ajax/landing/option-1/assets/coloredbg.png]
[192.241.236.31/themes/preview/smartadmin/1.9.x/ajax/landing/option-1/assets/loader.gif]
[192.241.236.31/themes/preview/smartadmin/1.9.x/ajax/landing/option-1/css/settings.css]
[192.241.236.31/themes/preview/smartadmin/1.9.x/ajax/landing/option-1/font-awesome/css/font-awesome.min.css]
[192.241.236.31/themes/preview/smartadmin/1.9.x/ajax/landing/option-1/css/nivo-lightbox.css]
[192.241.236.31/themes/preview/smartadmin/1.9.x/ajax/landing/option-1/css/nivo-lightbox-theme/default/loading.gif]
[192.241.236.31/themes/preview/smartadmin/1.9.x/ajax/landing/option-1/css/nivo-lightbox-theme/default/prev.png]
[192.241.236.31/themes/preview/smartadmin/1.9.x/ajax/landing/option-1/css/nivo-lightbox-theme/default/next.png]
[192.241.236.31/themes/preview/smartadmin/1.9.x/ajax/landing/option-1/css/nivo-lightbox-theme/default/close.png]
[192.241.236.31/themes/preview/smartadmin/1.9.x/ajax/landing/option-1/css/nivo-lightbox-theme/default/loading@2x.gif]
[192.241.236.31/themes/preview/smartadmin/1.9.x/ajax/landing/option-1/css/nivo-lightbox-theme/default/prev@2x.png]
[192.241.236.31/themes/preview/smartadmin/1.9.x/ajax/landing/option-1/css/nivo-lightbox-theme/default/next@2x.png]
[192.241.236.31/themes/preview/smartadmin/1.9.x/ajax/landing/option-1/css/nivo-lightbox-theme/default/close@2x.png]
[192.241.236.31/themes/preview/smartadmin/1.9.x/ajax/landing/option-1/css/nivo-lightbox-theme/default/default.css]
[192.241.236.31/themes/preview/smartadmin/1.9.x/ajax/landing/option-1/css/animate.css]
[192.241.236.31/themes/preview/smartadmin/1.9.x/ajax/landing/option-1/img/img-bg.jpg]
[192.241.236.31/themes/preview/smartadmin/1.9.x/ajax/landing/option-1/img/back-img1.png]
[192.241.236.31/themes/preview/smartadmin/1.9.x/ajax/landing/option-1/css/main.css]
[192.241.236.31/themes/preview/smartadmin/1.9.x/ajax/landing/option-1/color/default.css]
[192.241.236.31/themes/preview/smartadmin/1.9.x/ajax/landing/option-1/img/favicon/favicon.html]
[192.241.236.31/themes/preview/smartadmin/1.9.x/ajax/landing/option-1/index-2.html]
[192.241.236.31/themes/preview/smartadmin/1.9.x/ajax/landing/option-2/fonts/elegant/styles.css]
[192.241.236.31/themes/preview/smartadmin/1.9.x/ajax/landing/option-2/css/magnific-popup.css]
[192.241.236.31/themes/preview/smartadmin/1.9.x/ajax/landing/option-2/img/AjaxLoader.gif]
[192.241.236.31/themes/preview/smartadmin/1.9.x/ajax/landing/option-2/css/owl.theme.css]
[192.241.236.31/themes/preview/smartadmin/1.9.x/ajax/landing/option-2/css/bootstrap.css]
[192.241.236.31/themes/preview/smartadmin/1.9.x/ajax/landing/option-2/img/header-img-black.jpg]
[192.241.236.31/themes/preview/smartadmin/1.9.x/ajax/landing/option-2/img/header-img-2.jpg]
[192.241.236.31/themes/preview/smartadmin/1.9.x/ajax/landing/option-2/img/header-img-3.jpg]
[192.241.236.31/themes/preview/smartadmin/1.9.x/ajax/landing/option-2/img/bg.jpg]
[192.241.236.31/themes/preview/smartadmin/1.9.x/ajax/landing/option-2/css/main.css]
[192.241.236.31/themes/preview/smartadmin/1.9.x/ajax/landing/option-2/css/grabbing.png]
[192.241.236.31/themes/preview/smartadmin/1.9.x/ajax/landing/option-2/css/owl.carousel.css]
[192.241.236.31/themes/preview/smartadmin/1.9.x/ajax/landing/option-2/css/selectize.css]
[192.241.236.31/themes/preview/smartadmin/1.9.x/ajax/landing/option-2/img/blog/img-2.jpg]
[192.241.236.31/themes/preview/smartadmin/1.9.x/ajax/landing/option-2/img/author.jpg]
[192.241.236.31/themes/preview/smartadmin/1.9.x/ajax/landing/option-2/img/blog/img-1.jpg]
[192.241.236.31/themes/preview/smartadmin/1.9.x/ajax/landing/option-2/img/blog/img-3.png]
[192.241.236.31/themes/preview/smartadmin/1.9.x/ajax/landing/option-2/js/collapse.js]
[192.241.236.31/themes/preview/smartadmin/1.9.x/ajax/landing/option-2/blog.html]
[192.241.236.31/themes/preview/smartadmin/1.9.x/ajax/landing/option-2/img/clients/1.jpg]
[192.241.236.31/themes/preview/smartadmin/1.9.x/ajax/landing/option-2/img/clients/2.jpg]
[192.241.236.31/themes/preview/smartadmin/1.9.x/ajax/landing/option-2/js/selectize.min.js]
[192.241.236.31/themes/preview/smartadmin/1.9.x/ajax/landing/option-2/img/clients/3.jpg]
[192.241.236.31/themes/preview/smartadmin/1.9.x/ajax/landing/option-2/blog-single.html]
[192.241.236.31/themes/preview/smartadmin/1.9.x/ajax/landing/option-3/assets/fonts/glyphicons-halflings-regular.eot]
[192.241.236.31/themes/preview/smartadmin/1.9.x/ajax/landing/option-3/assets/fonts/glyphicons-halflings-regulard41d.eot]
[192.241.236.31/themes/preview/smartadmin/1.9.x/ajax/landing/option-3/assets/fonts/glyphicons-halflings-regular.woff2]
[192.241.236.31/themes/preview/smartadmin/1.9.x/ajax/landing/option-3/assets/fonts/glyphicons-halflings-regular.woff]
[192.241.236.31/themes/preview/smartadmin/1.9.x/ajax/landing/option-3/assets/fonts/glyphicons-halflings-regular.ttf]
[192.241.236.31/themes/preview/smartadmin/1.9.x/ajax/landing/option-3/assets/fonts/glyphicons-halflings-regular.svg]
[192.241.236.31/themes/preview/smartadmin/1.9.x/ajax/landing/option-3/assets/css/bootstrap.min.css]
[192.241.236.31/themes/preview/smartadmin/1.9.x/ajax/landing/option-3/assets/css/bootstrap-theme.min.css]
[maxcdn.bootstrapcdn.com/font-awesome/4.3.0/css/font-awesome.min.css]
[192.241.236.31/themes/preview/smartadmin/1.9.x/ajax/landing/option-3/assets/images/banner.jpg]
[192.241.236.31/themes/preview/smartadmin/1.9.x/ajax/landing/option-3/assets/css/style.css]
[192.241.236.31/themes/preview/smartadmin/1.9.x/ajax/landing/option-3/assets/js/fancybox_sprite.png]
[192.241.236.31/themes/preview/smartadmin/1.9.x/ajax/landing/option-3/assets/js/fancybox_loading.gif]
[192.241.236.31/themes/preview/smartadmin/1.9.x/ajax/landing/option-3/assets/js/blank.gif]
[192.241.236.31/themes/preview/smartadmin/1.9.x/ajax/landing/option-3/assets/js/fancybox_overlay.png]
[192.241.236.31/themes/preview/smartadmin/1.9.x/ajax/landing/option-3/assets/js/fancybox_sprite@2x.png]
[192.241.236.31/themes/preview/smartadmin/1.9.x/ajax/landing/option-3/assets/js/fancybox_loading@2x.gif]
[192.241.236.31/themes/preview/smartadmin/1.9.x/ajax/landing/option-3/assets/js/jquery.fancybox.css]
[192.241.236.31/themes/preview/smartadmin/1.9.x/ajax/ajax/img/ribbon.html]
[192.241.236.31/themes/preview/smartadmin/1.9.x/ajax/ajax/css/invoice.min.html]
[192.241.236.31/themes/preview/smartadmin/1.9.x/ajax/ajax/img/logo-blacknwhite.html]
[192.241.236.31/themes/preview/smartadmin/1.9.x/ajax/ajax/img/invoice/paypal.html]
[192.241.236.31/themes/preview/smartadmin/1.9.x/ajax/ajax/img/invoice/americanexpress.html]
[192.241.236.31/themes/preview/smartadmin/1.9.x/ajax/ajax/img/invoice/mastercard.html]
[192.241.236.31/themes/preview/smartadmin/1.9.x/ajax/ajax/img/invoice/visa.html]
[192.241.236.31/themes/preview/smartadmin/1.9.x/ajax/css/lockscreen.min.css]
[192.241.236.31/themes/preview/smartadmin/1.9.x/ajax/ajax/img/demo/chat.html]
[192.241.236.31/themes/preview/smartadmin/1.9.x/ajax/landing/option-1/fonts/glyphicons-halflings-regular.html]
[192.241.236.31/themes/preview/smartadmin/1.9.x/ajax/landing/option-1/fonts/glyphicons-halflings-regulard41d.html]
[192.241.236.31/themes/preview/smartadmin/1.9.x/ajax/landing/option-1/fonts/glyphicons-halflings-regular-2.html]
[192.241.236.31/themes/preview/smartadmin/1.9.x/ajax/landing/option-1/fonts/glyphicons-halflings-regular-3.html]
[192.241.236.31/themes/preview/smartadmin/1.9.x/ajax/landing/option-1/fonts/glyphicons-halflings-regular.svg]
[192.241.236.31/themes/preview/smartadmin/1.9.x/ajax/landing/option-1/images/gradient/g30.html]
[192.241.236.31/themes/preview/smartadmin/1.9.x/ajax/landing/option-1/images/gradient/g40.html]
[192.241.236.31/themes/preview/smartadmin/1.9.x/ajax/landing/option-1/assets/shadow1.html]
[192.241.236.31/themes/preview/smartadmin/1.9.x/ajax/landing/option-1/assets/shadow2.html]
[192.241.236.31/themes/preview/smartadmin/1.9.x/ajax/landing/option-1/assets/shadow3.html]
[192.241.236.31/themes/preview/smartadmin/1.9.x/ajax/landing/option-1/assets/gridtile.html]
[192.241.236.31/themes/preview/smartadmin/1.9.x/ajax/landing/option-1/assets/gridtile_white.html]
[192.241.236.31/themes/preview/smartadmin/1.9.x/ajax/landing/option-1/assets/gridtile_3x3.html]
[192.241.236.31/themes/preview/smartadmin/1.9.x/ajax/landing/option-1/assets/gridtile_3x3_white.html]
[192.241.236.31/themes/preview/smartadmin/1.9.x/ajax/landing/option-1/assets/boxed_bgtile.html]
[192.241.236.31/themes/preview/smartadmin/1.9.x/ajax/landing/option-1/assets/navigdots_bgtile.html]
[192.241.236.31/themes/preview/smartadmin/1.9.x/ajax/landing/option-1/assets/bullet.html]
[192.241.236.31/themes/preview/smartadmin/1.9.x/ajax/landing/option-1/assets/bullets.html]
[192.241.236.31/themes/preview/smartadmin/1.9.x/ajax/landing/option-1/assets/bullets2.html]
[192.241.236.31/themes/preview/smartadmin/1.9.x/ajax/landing/option-1/assets/bullet_boxed.html]
[192.241.236.31/themes/preview/smartadmin/1.9.x/ajax/landing/option-1/assets/navigdots.html]
[192.241.236.31/themes/preview/smartadmin/1.9.x/ajax/landing/option-1/assets/large_left.html]
[192.241.236.31/themes/preview/smartadmin/1.9.x/ajax/landing/option-1/assets/large_right.html]
[192.241.236.31/themes/preview/smartadmin/1.9.x/ajax/landing/option-1/assets/small_left.html]
[192.241.236.31/themes/preview/smartadmin/1.9.x/ajax/landing/option-1/assets/small_right.html]
[192.241.236.31/themes/preview/smartadmin/1.9.x/ajax/landing/option-1/assets/arrow_left.html]
[192.241.236.31/themes/preview/smartadmin/1.9.x/ajax/landing/option-1/assets/arrow_right.html]
[192.241.236.31/themes/preview/smartadmin/1.9.x/ajax/landing/option-1/assets/small_left_boxed.html]
[192.241.236.31/themes/preview/smartadmin/1.9.x/ajax/landing/option-1/assets/small_right_boxed.html]
[192.241.236.31/themes/preview/smartadmin/1.9.x/ajax/landing/option-1/assets/arrowleft.html]
[192.241.236.31/themes/preview/smartadmin/1.9.x/ajax/landing/option-1/assets/arrowright.html]
[192.241.236.31/themes/preview/smartadmin/1.9.x/ajax/landing/option-1/assets/arrow_left2.html]
[192.241.236.31/themes/preview/smartadmin/1.9.x/ajax/landing/option-1/assets/arrow_right2.html]
[192.241.236.31/themes/preview/smartadmin/1.9.x/ajax/landing/option-1/assets/coloredbg.html]
[192.241.236.31/themes/preview/smartadmin/1.9.x/ajax/landing/option-1/assets/loader.html]
[192.241.236.31/themes/preview/smartadmin/1.9.x/ajax/landing/option-1/fonts/revicons/revicons90c6.html]
[192.241.236.31/themes/preview/smartadmin/1.9.x/ajax/landing/option-1/fonts/revicons/revicons90c6-2.html]
[192.241.236.31/themes/preview/smartadmin/1.9.x/ajax/landing/option-1/fonts/revicons/revicons90c6-3.html]
[192.241.236.31/themes/preview/smartadmin/1.9.x/ajax/landing/option-1/fonts/revicons/revicons90c6.svg]
[192.241.236.31/themes/preview/smartadmin/1.9.x/ajax/landing/option-1/font-awesome/fonts/fontawesome-webfontba72.html]
[192.241.236.31/themes/preview/smartadmin/1.9.x/ajax/landing/option-1/font-awesome/fonts/fontawesome-webfontd41d.html]
[192.241.236.31/themes/preview/smartadmin/1.9.x/ajax/landing/option-1/font-awesome/fonts/fontawesome-webfontba72-2.html]
[192.241.236.31/themes/preview/smartadmin/1.9.x/ajax/landing/option-1/font-awesome/fonts/fontawesome-webfontba72-3.html]
[192.241.236.31/themes/preview/smartadmin/1.9.x/ajax/landing/option-1/font-awesome/fonts/fontawesome-webfontba72.svg]
[192.241.236.31/themes/preview/smartadmin/1.9.x/ajax/landing/option-1/fonts/ecoicons/ecoicons.html]
[192.241.236.31/themes/preview/smartadmin/1.9.x/ajax/landing/option-1/fonts/ecoicons/ecoiconsd41d.html]
[192.241.236.31/themes/preview/smartadmin/1.9.x/ajax/landing/option-1/fonts/ecoicons/ecoicons-2.html]
[192.241.236.31/themes/preview/smartadmin/1.9.x/ajax/landing/option-1/fonts/ecoicons/ecoicons-3.html]
[192.241.236.31/themes/preview/smartadmin/1.9.x/ajax/landing/option-1/fonts/ecoicons/ecoicons.svg]
[192.241.236.31/themes/preview/smartadmin/1.9.x/ajax/landing/option-1/img/img-bg.html]
[192.241.236.31/themes/preview/smartadmin/1.9.x/ajax/landing/option-2/fonts/elegant/fonts/elegant.html]
[192.241.236.31/themes/preview/smartadmin/1.9.x/ajax/landing/option-2/fonts/elegant/fonts/elegantd41d.html]
[192.241.236.31/themes/preview/smartadmin/1.9.x/ajax/landing/option-2/fonts/elegant/fonts/elegant-2.html]
[192.241.236.31/themes/preview/smartadmin/1.9.x/ajax/landing/option-2/fonts/elegant/fonts/elegant-3.html]
[192.241.236.31/themes/preview/smartadmin/1.9.x/ajax/landing/option-2/fonts/elegant/fonts/elegant.svg]
[192.241.236.31/themes/preview/smartadmin/1.9.x/ajax/landing/option-2/img/AjaxLoader.html]
[192.241.236.31/themes/preview/smartadmin/1.9.x/ajax/landing/option-2/css/grabbing.html]
[192.241.236.31/themes/preview/smartadmin/1.9.x/ajax/landing/option-2/css/selectize.css]
[192.241.236.31/themes/preview/smartadmin/1.9.x/ajax/landing/option-3/assets/fonts/glyphicons-halflings-regular.html]
[192.241.236.31/themes/preview/smartadmin/1.9.x/ajax/landing/option-3/assets/fonts/glyphicons-halflings-regulard41d.html]
[192.241.236.31/themes/preview/smartadmin/1.9.x/ajax/landing/option-3/assets/fonts/glyphicons-halflings-regular-2.html]
[192.241.236.31/themes/preview/smartadmin/1.9.x/ajax/landing/option-3/assets/fonts/glyphicons-halflings-regular-3.html]
[192.241.236.31/themes/preview/smartadmin/1.9.x/ajax/landing/option-3/assets/fonts/glyphicons-halflings-regular-4.html]
[192.241.236.31/themes/preview/smartadmin/1.9.x/ajax/landing/option-3/assets/fonts/glyphicons-halflings-regular-5.html]
